Component: ARM Compiler 5.06 update 6 (build 750) Tool: armlink [4d35ed]

==============================================================================

Section Cross References

    startup_stm32f427x.o(STACK) refers (Special) to heapauxi.o(.text) for __use_two_region_memory
    startup_stm32f427x.o(HEAP) refers (Special) to heapauxi.o(.text) for __use_two_region_memory
    startup_stm32f427x.o(RESET) refers (Special) to heapauxi.o(.text) for __use_two_region_memory
    startup_stm32f427x.o(RESET) refers to startup_stm32f427x.o(STACK) for __initial_sp
    startup_stm32f427x.o(RESET) refers to startup_stm32f427x.o(.text) for Reset_Handler
    startup_stm32f427x.o(RESET) refers to port.o(.emb_text) for vPortSVCHandler
    startup_stm32f427x.o(RESET) refers to port.o(i.xPortSysTickHandler) for xPortSysTickHandler
    startup_stm32f427x.o(RESET) refers to exti_irq.o(i.EXTI0_IRQHandler) for EXTI0_IRQHandler
    startup_stm32f427x.o(RESET) refers to serial.o(i.DMA1_Stream3_IRQHandler) for DMA1_Stream3_IRQHandler
    startup_stm32f427x.o(RESET) refers to serial.o(i.DMA1_Stream4_IRQHandler) for DMA1_Stream4_IRQHandler
    startup_stm32f427x.o(RESET) refers to serial.o(i.DMA1_Stream6_IRQHandler) for DMA1_Stream6_IRQHandler
    startup_stm32f427x.o(RESET) refers to exti_irq.o(i.EXTI9_5_IRQHandler) for EXTI9_5_IRQHandler
    startup_stm32f427x.o(RESET) refers to serial.o(i.USART1_IRQHandler) for USART1_IRQHandler
    startup_stm32f427x.o(RESET) refers to serial.o(i.USART2_IRQHandler) for USART2_IRQHandler
    startup_stm32f427x.o(RESET) refers to serial.o(i.USART3_IRQHandler) for USART3_IRQHandler
    startup_stm32f427x.o(RESET) refers to exti_irq.o(i.EXTI15_10_IRQHandler) for EXTI15_10_IRQHandler
    startup_stm32f427x.o(RESET) refers to serial.o(i.DMA1_Stream7_IRQHandler) for DMA1_Stream7_IRQHandler
    startup_stm32f427x.o(RESET) refers to serial.o(i.UART4_IRQHandler) for UART4_IRQHandler
    startup_stm32f427x.o(RESET) refers to serial.o(i.UART5_IRQHandler) for UART5_IRQHandler
    startup_stm32f427x.o(RESET) refers to serial.o(i.DMA2_Stream6_IRQHandler) for DMA2_Stream6_IRQHandler
    startup_stm32f427x.o(RESET) refers to serial.o(i.DMA2_Stream7_IRQHandler) for DMA2_Stream7_IRQHandler
    startup_stm32f427x.o(RESET) refers to serial.o(i.USART6_IRQHandler) for USART6_IRQHandler
    startup_stm32f427x.o(.text) refers (Special) to heapauxi.o(.text) for __use_two_region_memory
    startup_stm32f427x.o(.text) refers to system_stm32f4xx.o(i.SystemInit) for SystemInit
    startup_stm32f427x.o(.text) refers to __main.o(!!!main) for __main
    startup_stm32f427x.o(.text) refers to startup_stm32f427x.o(HEAP) for Heap_Mem
    startup_stm32f427x.o(.text) refers to startup_stm32f427x.o(STACK) for Stack_Mem
    system_stm32f4xx.o(i.SystemCoreClockUpdate) refers to system_stm32f4xx.o(.data) for SystemCoreClock
    system_stm32f4xx.o(i.SystemInit) refers to system_stm32f4xx.o(i.SetSysClock) for SetSysClock
    afx_init.o(i.ResetCheck) refers to stm32f4xx_rcc.o(i.RCC_GetFlagStatus) for RCC_GetFlagStatus
    afx_init.o(i.ResetCheck) refers to stm32f4xx_rcc.o(i.RCC_ClearFlag) for RCC_ClearFlag
    afx_init.o(i.afxInitTask) refers to version.o(i.versionInit) for versionInit
    afx_init.o(i.afxInitTask) refers to motor.o(i.pid_Init) for pid_Init
    afx_init.o(i.afxInitTask) refers to stm32f4xx_flash.o(i.FLASH_Unlock) for FLASH_Unlock
    afx_init.o(i.afxInitTask) refers to eeprom.o(i.EE_Init) for EE_Init
    afx_init.o(i.afxInitTask) refers to parameter.o(i.parameterInit) for parameterInit
    afx_init.o(i.afxInitTask) refers to rtc.o(i.rtcInit) for rtcInit
    afx_init.o(i.afxInitTask) refers to timer.o(i.timerInit) for timerInit
    afx_init.o(i.afxInitTask) refers to ec20.o(i.ec20Init) for ec20Init
    afx_init.o(i.afxInitTask) refers to supervisor.o(i.supervisorInit) for supervisorInit
    afx_init.o(i.afxInitTask) refers to ui.o(i.uiInit) for uiInit
    afx_init.o(i.afxInitTask) refers to tasks.o(i.vTaskDelete) for vTaskDelete
    ec20.o(i.EC20PowerKeyInit) refers to stm32f4xx_gpio.o(i.GPIO_Init) for GPIO_Init
    ec20.o(i.EC20PowerKeyInit) refers to stm32f4xx_gpio.o(i.GPIO_SetBits) for GPIO_SetBits
    ec20.o(i.afxEC20Task) refers to _printf_percent.o(.ARM.Collect$$_printf_percent$$00000000) for _printf_percent
    ec20.o(i.afxEC20Task) refers to _printf_d.o(.ARM.Collect$$_printf_percent$$00000009) for _printf_d
    ec20.o(i.afxEC20Task) refers to _printf_x.o(.ARM.Collect$$_printf_percent$$0000000C) for _printf_x
    ec20.o(i.afxEC20Task) refers to _printf_f.o(.ARM.Collect$$_printf_percent$$00000003) for _printf_f
    ec20.o(i.afxEC20Task) refers to _printf_dec.o(.text) for _printf_int_dec
    ec20.o(i.afxEC20Task) refers to _printf_hex_int.o(.text) for _printf_longlong_hex
    ec20.o(i.afxEC20Task) refers to printf1.o(x$fpl$printf1) for _printf_fp_dec
    ec20.o(i.afxEC20Task) refers to tasks.o(i.xTaskGetTickCount) for xTaskGetTickCount
[...]
    TIM_TimeBaseInit                         0x08003e71   Thumb Code   104  stm32f4xx_tim.o(i.TIM_TimeBaseInit)
    UART4_IRQHandler                         0x08003ef5   Thumb Code    98  serial.o(i.UART4_IRQHandler)
    UART5_IRQHandler                         0x08003f5d   Thumb Code    98  serial.o(i.UART5_IRQHandler)
    USART1_IRQHandler                        0x08003fc5   Thumb Code    98  serial.o(i.USART1_IRQHandler)
    USART2_IRQHandler                        0x0800402d   Thumb Code    98  serial.o(i.USART2_IRQHandler)
    USART3_IRQHandler                        0x08004095   Thumb Code    98  serial.o(i.USART3_IRQHandler)
    USART6_IRQHandler                        0x080040fd   Thumb Code    98  serial.o(i.USART6_IRQHandler)
    USART_Cmd                                0x08004165   Thumb Code    24  stm32f4xx_usart.o(i.USART_Cmd)
    USART_DMACmd                             0x0800417d   Thumb Code    18  stm32f4xx_usart.o(i.USART_DMACmd)
    USART_ITConfig                           0x0800418f   Thumb Code    74  stm32f4xx_usart.o(i.USART_ITConfig)
    USART_Init                               0x080041d9   Thumb Code   204  stm32f4xx_usart.o(i.USART_Init)
    USART_OverSampling8Cmd                   0x080042ad   Thumb Code    22  stm32f4xx_usart.o(i.USART_OverSampling8Cmd)
    USART_StructInit                         0x080042c3   Thumb Code    24  stm32f4xx_usart.o(i.USART_StructInit)
    __ARM_fpclassify                         0x080042db   Thumb Code    48  fpclassify.o(i.__ARM_fpclassify)
    __hardfp_fabs                            0x0800430b   Thumb Code    20  fabs.o(i.__hardfp_fabs)
    _is_digit                                0x0800431f   Thumb Code    14  __printf_wp.o(i._is_digit)
    _serialStartTxDMA                        0x0800432d   Thumb Code    60  serial.o(i._serialStartTxDMA)
    afxEC20Task                              0x08004369   Thumb Code  2182  ec20.o(i.afxEC20Task)
    afxInitTask                              0x08004cb1   Thumb Code    52  afx_init.o(i.afxInitTask)
    afxSupervisorTask                        0x08004ce5   Thumb Code   748  supervisor.o(i.afxSupervisorTask)
    afxUITask                                0x08005025   Thumb Code   514  ui.o(i.afxUITask)
    aqiDisplayRefresh                        0x08005249   Thumb Code   752  ui.o(i.aqiDisplayRefresh)
    aqiDisplayUpdata                         0x08005585   Thumb Code   838  ui.o(i.aqiDisplayUpdata)
    autoDisplayRefresh                       0x08005925   Thumb Code   316  ui.o(i.autoDisplayRefresh)
    autoPartialUpdate                        0x08005a7d   Thumb Code   348  ui.o(i.autoPartialUpdate)
    delay_ms                                 0x08005bf1   Thumb Code    24  timer.o(i.delay_ms)
    digitalInit                              0x08005c09   Thumb Code   122  digital.o(i.digitalInit)
    drawKanjiFromTable                       0x08005c83   Thumb Code   104  st7789.o(i.drawKanjiFromTable)
    drawNum                                  0x08005ced   Thumb Code   406  st7789.o(i.drawNum)
    eTaskGetState                            0x08005e95   Thumb Code    70  tasks.o(i.eTaskGetState)
    ec20Init                                 0x08005eed   Thumb Code    52  ec20.o(i.ec20Init)
    ec20Print                                0x08005f39   Thumb Code    24  ec20.o(i.ec20Print)
    ec20_send_datas                          0x08005f55   Thumb Code    32  ec20.o(i.ec20_send_datas)
    encoderInit                              0x08005f79   Thumb Code   346  encoder.o(i.encoderInit)
    encoderUpdate                            0x080060e1   Thumb Code   416  encoder.o(i.encoderUpdate)
    encoderUpdate_ledUp                      0x080062a9   Thumb Code   160  encoder.o(i.encoderUpdate_ledUp)
    filterDisplayRefresh                     0x08006365   Thumb Code   438  ui.o(i.filterDisplayRefresh)
    filterDisplayUpdata                      0x08006559   Thumb Code   460  ui.o(i.filterDisplayUpdata)
    filterNetInit                            0x08006765   Thumb Code   202  filter_net.o(i.filterNetInit)
    filterNetUpdate                          0x08006841   Thumb Code   162  filter_net.o(i.filterNetUpdate)
    granuleCheckSum                          0x080068f9   Thumb Code    28  granule.o(i.granuleCheckSum)
    granuleInit                              0x08006915   Thumb Code    36  granule.o(i.granuleInit)
    granuleParseChar                         0x08006945   Thumb Code   576  granule.o(i.granuleParseChar)
    granuleUpdate                            0x08006b99   Thumb Code    32  granule.o(i.granuleUpdate)
    humidityDisplayRefresh                   0x08006bbd   Thumb Code   192  ui.o(i.humidityDisplayRefresh)
    humidityDisplayUpdata                    0x08006c95   Thumb Code   296  ui.o(i.humidityDisplayUpdata)
    humidityInit                             0x08006de1   Thumb Code    58  humidity.o(i.humidityInit)
    humidityUpdate                           0x08006e25   Thumb Code    38  humidity.o(i.humidityUpdate)
    i2c2Init                                 0x08006e5d   Thumb Code   268  i2c.o(i.i2c2Init)
    i2cInit                                  0x08006f71   Thumb Code   268  i2c.o(i.i2cInit)
    lcdDisplayChar                           0x08007085   Thumb Code   176  st7789.o(i.lcdDisplayChar)
    lcdDisplayInit                           0x08007135   Thumb Code    20  ui.o(i.lcdDisplayInit)
    lcdDrawFloat40                           0x08007155   Thumb Code   326  st7789.o(i.lcdDrawFloat40)
    lcdDrawIcon                              0x080072a5   Thumb Code   134  st7789.o(i.lcdDrawIcon)
    lcdDrawInteger                           0x0800732b   Thumb Code   682  st7789.o(i.lcdDrawInteger)
    lcdDrawIntegerFont                       0x080075d5   Thumb Code   286  st7789.o(i.lcdDrawIntegerFont)
    lcdDrawRectange                          0x080076f3   Thumb Code    62  st7789.o(i.lcdDrawRectange)
    lcdDrawRectangeDefault                   0x08007731   Thumb Code    60  st7789.o(i.lcdDrawRectangeDefault)
    lcdInit                                  0x0800776d   Thumb Code    14  lcd.o(i.lcdInit)
    leftLcdChange                            0x0800777d   Thumb Code   196  ui.o(i.leftLcdChange)
    leftLcdOff                               0x08007891   Thumb Code    22  ui.o(i.leftLcdOff)
    leftLcdUpdate                            0x080078b1   Thumb Code   108  ui.o(i.leftLcdUpdate)
    main                                     0x08007951   Thumb Code    30  main.o(i.main)
    mathanalDisplayUpdate                    0x08007981   Thumb Code   484  ui.o(i.mathanalDisplayUpdate)
    methanalCheckSum                         0x08007ba9   Thumb Code    36  mathanal.o(i.methanalCheckSum)
    methanalDisplayRefresh                   0x08007bcd   Thumb Code   378  ui.o(i.methanalDisplayRefresh)
    methanalInit                             0x08007d81   Thumb Code    32  mathanal.o(i.methanalInit)
    methanalParseChar                        0x08007da9   Thumb Code   264  mathanal.o(i.methanalParseChar)
    methanalSetMode                          0x08007ec1   Thumb Code    36  mathanal.o(i.methanalSetMode)
    methanalUpdate                           0x08007ef1   Thumb Code   138  mathanal.o(i.methanalUpdate)
    motorControl                             0x08007f8d   Thumb Code   988  motor.o(i.motorControl)
    motorSensorInit                          0x080083b1   Thumb Code    76  motor.o(i.motorSensorInit)
    parameterInit                            0x08008401   Thumb Code     8  parameter.o(i.parameterInit)
    pid_Init                                 0x08008409   Thumb Code    36  motor.o(i.pid_Init)
    pm25DisplayRefresh                       0x0800843d   Thumb Code   334  ui.o(i.pm25DisplayRefresh)
    pm25DisplayUpdata                        0x080085b9   Thumb Code   384  ui.o(i.pm25DisplayUpdata)
    powerOffDisplayRefresh                   0x0800876d   Thumb Code    36  ui.o(i.powerOffDisplayRefresh)
    powerOnDisplayRefresh                    0x08008795   Thumb Code    36  ui.o(i.powerOnDisplayRefresh)
    pvPortMalloc                             0x080090c9   Thumb Code   198  heap_4.o(i.pvPortMalloc)
    pvTaskIncrementMutexHeldCount            0x080091a5   Thumb Code    26  tasks.o(i.pvTaskIncrementMutexHeldCount)
    pxPortInitialiseStack                    0x080091c5   Thumb Code    38  port.o(i.pxPortInitialiseStack)
    rightLcdChange                           0x080091f1   Thumb Code   224  ui.o(i.rightLcdChange)
    rightLcdOff                              0x08009335   Thumb Code    12  ui.o(i.rightLcdOff)
    rightLcdUpdate                           0x08009345   Thumb Code   214  ui.o(i.rightLcdUpdate)
    rtcInit                                  0x08009481   Thumb Code     4  rtc.o(i.rtcInit)
    rtosSupervisor                           0x08009485   Thumb Code    28  supervisor.o(i.rtosSupervisor)
    sensorInit                               0x080094ad   Thumb Code    34  sensor.o(i.sensorInit)
    sensorUpdate                             0x080094d5   Thumb Code    20  sensor.o(i.sensorUpdate)
    serialAvailable                          0x080094e9   Thumb Code    40  serial.o(i.serialAvailable)
    serialOpen                               0x08009511   Thumb Code   398  serial.o(i.serialOpen)
    serialOpenUART                           0x080096bd   Thumb Code    70  serial.o(i.serialOpenUART)
    serialPrint                              0x08009703   Thumb Code    26  serial.o(i.serialPrint)
    serialRead                               0x0800971d   Thumb Code    56  serial.o(i.serialRead)
    serialStartTxDMA                         0x08009755   Thumb Code    64  serial.o(i.serialStartTxDMA)
    serialUSART1                             0x08009795   Thumb Code   240  serial.o(i.serialUSART1)
    serialUSART2                             0x08009895   Thumb Code   194  serial.o(i.serialUSART2)
    serialUSART3                             0x0800996d   Thumb Code   234  serial.o(i.serialUSART3)
    serialUSART4                             0x08009a69   Thumb Code   192  serial.o(i.serialUSART4)
    serialUSART5                             0x08009b3d   Thumb Code   276  serial.o(i.serialUSART5)
    serialUSART6                             0x08009c65   Thumb Code   192  serial.o(i.serialUSART6)
    serialWrite                              0x08009d39   Thumb Code    54  serial.o(i.serialWrite)
    serialWriteBlock                         0x08009d6f   Thumb Code    76  serial.o(i.serialWriteBlock)
    sleepDisplayRefresh                      0x08009dbd   Thumb Code    34  ui.o(i.sleepDisplayRefresh)
    speedDisplayRefresh                      0x08009de5   Thumb Code   232  ui.o(i.speedDisplayRefresh)
    speedPartialUpdate                       0x08009ee1   Thumb Code   186  ui.o(i.speedPartialUpdate)
    spiInit                                  0x08009fa1   Thumb Code   520  spi.o(i.spiInit)
    st7789Init                               0x0800a1bd   Thumb Code   294  st7789.o(i.st7789Init)
    st7789LowLevelInit                       0x0800a2f5   Thumb Code   486  st7789.o(i.st7789LowLevelInit)
    st7789Reset                              0x0800a4dd   Thumb Code    20  st7789.o(i.st7789Reset)
    supervisorInit                           0x0800a4fd   Thumb Code    36  supervisor.o(i.supervisorInit)
    systemReadID                             0x0800a531   Thumb Code    26  parameter.o(i.systemReadID)
    timeDisplayRefresh                       0x0800a555   Thumb Code   142  ui.o(i.timeDisplayRefresh)
    timePartialUpdate                        0x0800a5f9   Thumb Code    46  ui.o(i.timePartialUpdate)
    timer3Init                               0x0800a62d   Thumb Code   178  timer.o(i.timer3Init)
    timer4Init                               0x0800a6e9   Thumb Code    58  timer.o(i.timer4Init)
    timerInit                                0x0800a729   Thumb Code    12  timer.o(i.timerInit)
    touchHandle                              0x0800a735   Thumb Code   578  touch.o(i.touchHandle)
    touchInit                                0x0800a9a9   Thumb Code    12  touch.o(i.touchInit)
    uiInit                                   0x0800a9b5   Thumb Code    52  ui.o(i.uiInit)
    uxListRemove                             0x0800a9f9   Thumb Code    40  list.o(i.uxListRemove)
    uxTaskGetNumberOfTasks                   0x0800aa21   Thumb Code     6  tasks.o(i.uxTaskGetNumberOfTasks)
    uxTaskGetSystemState                     0x0800aa2d   Thumb Code   134  tasks.o(i.uxTaskGetSystemState)
    vApplicationMallocFailedHook             0x0800aac9   Thumb Code     4  afx_init.o(i.vApplicationMallocFailedHook)
    vListInitialise                          0x0800aacd   Thumb Code    26  list.o(i.vListInitialise)
    vListInitialiseItem                      0x0800aae7   Thumb Code     6  list.o(i.vListInitialiseItem)
    vListInsert                              0x0800aaed   Thumb Code    52  list.o(i.vListInsert)
    vListInsertEnd                           0x0800ab21   Thumb Code    24  list.o(i.vListInsertEnd)
    vPortEnterCritical                       0x0800ab39   Thumb Code    30  port.o(i.vPortEnterCritical)
    vPortExitCritical                        0x0800ab5d   Thumb Code    28  port.o(i.vPortExitCritical)
    vPortFree                                0x0800ab7d   Thumb Code    64  heap_4.o(i.vPortFree)
    vPortSetupTimerInterrupt                 0x0800abc5   Thumb Code    14  port.o(i.vPortSetupTimerInterrupt)
    vQueueWaitForMessageRestricted           0x0800abd9   Thumb Code    74  queue.o(i.vQueueWaitForMessageRestricted)
    vTaskDelay                               0x0800ac25   Thumb Code    46  tasks.o(i.vTaskDelay)
    vTaskDelayUntil                          0x0800ac59   Thumb Code   106  tasks.o(i.vTaskDelayUntil)
    vTaskDelete                              0x0800accd   Thumb Code   166  tasks.o(i.vTaskDelete)
    vTaskGetInfo                             0x0800ad99   Thumb Code    92  tasks.o(i.vTaskGetInfo)
    vTaskMissedYield                         0x0800adf9   Thumb Code     8  tasks.o(i.vTaskMissedYield)
    vTaskPlaceOnEventList                    0x0800ae05   Thumb Code    28  tasks.o(i.vTaskPlaceOnEventList)
    vTaskPlaceOnEventListRestricted          0x0800ae25   Thumb Code    36  tasks.o(i.vTaskPlaceOnEventListRestricted)
    vTaskPriorityInherit                     0x0800ae4d   Thumb Code   164  tasks.o(i.vTaskPriorityInherit)
    vTaskSetTimeOutState                     0x0800aefd   Thumb Code    14  tasks.o(i.vTaskSetTimeOutState)
    vTaskStartScheduler                      0x0800af15   Thumb Code    82  tasks.o(i.vTaskStartScheduler)
    vTaskSuspendAll                          0x0800af85   Thumb Code    12  tasks.o(i.vTaskSuspendAll)
    vTaskSwitchContext                       0x0800af95   Thumb Code    76  tasks.o(i.vTaskSwitchContext)
    versionInit                              0x0800aff5   Thumb Code    26  version.o(i.versionInit)
    vocDisplayRefresh                        0x0800b019   Thumb Code    96  ui.o(i.vocDisplayRefresh)
    vocDisplayUpdata                         0x0800b089   Thumb Code   168  ui.o(i.vocDisplayUpdata)
    vocInit                                  0x0800b149   Thumb Code   122  voc.o(i.vocInit)
    vocUpdate                                0x0800b1c9   Thumb Code   110  voc.o(i.vocUpdate)
    xPortStartScheduler                      0x0800b241   Thumb Code    58  port.o(i.xPortStartScheduler)
    xPortSysTickHandler                      0x0800b289   Thumb Code    46  port.o(i.xPortSysTickHandler)
    xQueueGenericCreate                      0x0800b2bd   Thumb Code    56  queue.o(i.xQueueGenericCreate)
    xQueueGenericReceive                     0x0800b2f5   Thumb Code   342  queue.o(i.xQueueGenericReceive)
    xQueueGenericReset                       0x0800b451   Thumb Code   122  queue.o(i.xQueueGenericReset)
    xQueueGenericSend                        0x0800b4d1   Thumb Code   276  queue.o(i.xQueueGenericSend)
    xQueueGenericSendFromISR                 0x0800b5e9   Thumb Code   134  queue.o(i.xQueueGenericSendFromISR)
    xTaskCheckForTimeOut                     0x0800b671   Thumb Code    74  tasks.o(i.xTaskCheckForTimeOut)
    xTaskCreate                              0x0800b6c5   Thumb Code    96  tasks.o(i.xTaskCreate)
    xTaskGetSchedulerState                   0x0800b725   Thumb Code    24  tasks.o(i.xTaskGetSchedulerState)
    xTaskGetTickCount                        0x0800b745   Thumb Code     6  tasks.o(i.xTaskGetTickCount)
    xTaskGetTickCountFromISR                 0x0800b751   Thumb Code     8  tasks.o(i.xTaskGetTickCountFromISR)
    xTaskIncrementTick                       0x0800b75d   Thumb Code   238  tasks.o(i.xTaskIncrementTick)
    xTaskPriorityDisinherit                  0x0800b879   Thumb Code   122  tasks.o(i.xTaskPriorityDisinherit)
    xTaskRemoveFromEventList                 0x0800b8fd   Thumb Code   104  tasks.o(i.xTaskRemoveFromEventList)
    xTaskResumeAll                           0x0800b97d   Thumb Code   196  tasks.o(i.xTaskResumeAll)
    xTimerCreateTimerTask                    0x0800ba65   Thumb Code    40  timers.o(i.xTimerCreateTimerTask)
    xTimerGenericCommand                     0x0800baa1   Thumb Code   102  timers.o(i.xTimerGenericCommand)
    _get_lc_numeric                          0x0800bb0d   Thumb Code    44  lc_numeric_c.o(locale$$code)
    __aeabi_d2f                              0x0800bb39   Thumb Code     0  d2f.o(x$fpl$d2f)
    _d2f                                     0x0800bb39   Thumb Code    98  d2f.o(x$fpl$d2f)
    __aeabi_dadd                             0x0800bb9d   Thumb Code     0  daddsub_clz.o(x$fpl$dadd)
    _dadd                                    0x0800bb9d   Thumb Code   332  daddsub_clz.o(x$fpl$dadd)
    __fpl_dcmp_Inf                           0x0800bced   Thumb Code    24  dcmpi.o(x$fpl$dcmpinf)
    __aeabi_ddiv                             0x0800bd05   Thumb Code     0  ddiv.o(x$fpl$ddiv)
    _ddiv                                    0x0800bd05   Thumb Code   552  ddiv.o(x$fpl$ddiv)
    __aeabi_d2uiz                            0x0800bfb5   Thumb Code     0  dfixu.o(x$fpl$dfixu)
    _dfixu                                   0x0800bfb5   Thumb Code    90  dfixu.o(x$fpl$dfixu)
    __aeabi_i2d                              0x0800c00f   Thumb Code     0  dflt_clz.o(x$fpl$dflt)
    _dflt                                    0x0800c00f   Thumb Code    46  dflt_clz.o(x$fpl$dflt)
    __aeabi_ui2d                             0x0800c03d   Thumb Code     0  dflt_clz.o(x$fpl$dfltu)
    _dfltu                                   0x0800c03d   Thumb Code    38  dflt_clz.o(x$fpl$dfltu)
    __aeabi_cdcmple                          0x0800c065   Thumb Code     0  dleqf.o(x$fpl$dleqf)
    _dcmple                                  0x0800c065   Thumb Code   120  dleqf.o(x$fpl$dleqf)
    __fpl_dcmple_InfNaN                      0x0800c0c7   Thumb Code     0  dleqf.o(x$fpl$dleqf)
    __fpl_dnaninf                            0x0800c0dd   Thumb Code   156  dnaninf.o(x$fpl$dnaninf)
    __fpl_dretinf                            0x0800c179   Thumb Code    12  dretinf.o(x$fpl$dretinf)
    __aeabi_cdrcmple                         0x0800c185   Thumb Code     0  drleqf.o(x$fpl$drleqf)
    _drcmple                                 0x0800c185   Thumb Code   108  drleqf.o(x$fpl$drleqf)
    __aeabi_dsub                             0x0800c1f1   Thumb Code     0  daddsub_clz.o(x$fpl$dsub)
    _dsub                                    0x0800c1f1   Thumb Code   464  daddsub_clz.o(x$fpl$dsub)
    __aeabi_f2d                              0x0800c3c5   Thumb Code     0  f2d.o(x$fpl$f2d)
    _f2d                                     0x0800c3c5   Thumb Code    86  f2d.o(x$fpl$f2d)
    __fpl_fnaninf                            0x0800c41b   Thumb Code   140  fnaninf.o(x$fpl$fnaninf)
    _fp_init                                 0x0800c4a7   Thumb Code    10  fpinit.o(x$fpl$fpinit)
    __fplib_config_fpu_vfp                   0x0800c4af   Thumb Code     0  fpinit.o(x$fpl$fpinit)
    __fplib_config_pureend_doubles           0x0800c4af   Thumb Code     0  fpinit.o(x$fpl$fpinit)
    __fpl_fretinf                            0x0800c4b1   Thumb Code    10  fretinf.o(x$fpl$fretinf)
    _printf_fp_dec                           0x0800c4bb   Thumb Code     4  printf1.o(x$fpl$printf1)
    VirtAddVarTab                            0x0800c4be   Data          30  parameter.o(.constdata)
    __I$use$fp                               0x0800c4be   Number         0  usenofp.o(x$fpl$usenofp)
    BACKGROUND                               0x0800c4dc   Data           1  ui.o(.constdata)
    POWER_ON_OFF                             0x0800c4dd   Data         630  ui.o(.constdata)
    SLEEP                                    0x0800c753   Data         630  ui.o(.constdata)
    speedWord                                0x0800c9c9   Data          96  ui.o(.constdata)
    time_minus                               0x0800ca29   Data         350  ui.o(.constdata)
    time_plus                                0x0800cb87   Data         350  ui.o(.constdata)
    auto_Word                                0x0800cce5   Data         240  ui.o(.constdata)
    SpeedLevel0                              0x0800cdd5   Data         490  ui.o(.constdata)
    SpeedLevel1                              0x0800cfbf   Data         490  ui.o(.constdata)
    SpeedLevel2                              0x0800d1a9   Data         490  ui.o(.constdata)
    SpeedLevel3                              0x0800d393   Data         490  ui.o(.constdata)
    SpeedLevel4                              0x0800d57d   Data         490  ui.o(.constdata)
    Wind_Speed_Word1                         0x0800d767   Data         245  ui.o(.constdata)
    Wind_Speed_Word2                         0x0800d85c   Data         140  ui.o(.constdata)
    H_Char40                                 0x0800d8e8   Data         490  ui.o(.constdata)
    timeWord                                 0x0800dad2   Data         280  ui.o(.constdata)
    aqiWord                                  0x0800dbea   Data         480  ui.o(.constdata)
    temperaturSmallIcon                      0x0800ddca   Data          32  ui.o(.constdata)
    humiditySmallIcon                        0x0800ddea   Data          32  ui.o(.constdata)
    degreeSmallIcon                          0x0800de0a   Data          48  ui.o(.constdata)
    percnetSmallIcon                         0x0800de3a   Data          48  ui.o(.constdata)
    pm25Word                                 0x0800de6a   Data         330  ui.o(.constdata)
    ugmUnitWord                              0x0800dfb4   Data         161  ui.o(.constdata)
    methanalWord                             0x0800e055   Data         128  ui.o(.constdata)
    methanalExceedWord                       0x0800e0d5   Data         504  ui.o(.constdata)
    methanal_Word                            0x0800e2cd   Data         680  ui.o(.constdata)
    methanal_Word_Warn                       0x0800e575   Data         280  ui.o(.constdata)
    methanal_Word_Excessive                  0x0800e68d   Data         280  ui.o(.constdata)
    vocWord                                  0x0800e7a5   Data         720  ui.o(.constdata)
    temperaturLargeIcon                      0x0800ea75   Data         120  ui.o(.constdata)
    humidityLargeIcon                        0x0800eaed   Data         160  ui.o(.constdata)
    degreeLargeIcon                          0x0800eb8d   Data         240  ui.o(.constdata)
    percnetLargeIcon                         0x0800ec7d   Data         240  ui.o(.constdata)
    warnMiddleIcon                           0x0800ed6d   Data         160  ui.o(.constdata)
    filterLeftIcon                           0x0800ee0d   Data         320  ui.o(.constdata)
    percnetMiddleIcon                        0x0800ef4d   Data          60  ui.o(.constdata)
    filterProcessBarIcon                     0x0800ef89   Data        2147  ui.o(.constdata)
    filterIcon                               0x0800f7ec   Data         168  ui.o(.constdata)
    filterLeft2Icon                          0x0800f894   Data         216  ui.o(.constdata)
    methanalModeActiveWord                   0x0800f96c   Data           9  mathanal.o(.constdata)
    methanalModePassiveWord                  0x0800f975   Data           9  mathanal.o(.constdata)
    methanalRequstWord                       0x0800f97e   Data           9  mathanal.o(.constdata)
    Font20_Table                             0x0800f987   Data        3800  font20.o(.constdata)
    Font20Num_Table                          0x0801085f   Data        3000  font20num.o(.constdata)
    Font24Num_Table                          0x08011417   Data        1200  font24num.o(.constdata)
    Font35Num_Table                          0x080118c7   Data        1380  font24num.o(.constdata)
    Font40Num_Table                          0x08011e2b   Data        3000  font40num.o(.constdata)
    Region$$Table$$Base                      0x08012cac   Number         0  anon$$obj.o(Region$$Table)
    Region$$Table$$Limit                     0x08012ccc   Number         0  anon$$obj.o(Region$$Table)
    a                                        0x20000004   Data           4  ec20.o(.data)
    number                                   0x20000008   Data           1  ec20.o(.data)
    servers_ip_port0                         0x20000009   Data         128  ec20.o(.data)
    out                                      0x20000089   Data         256  ec20.o(.data)
    m_info_out                               0x20000189   Data         256  ec20.o(.data)
    time_cnt1                                0x2000028c   Data           4  ec20.o(.data)
    time_cnt2                                0x20000290   Data           4  ec20.o(.data)
    receive_flag                             0x20000294   Data           1  ec20.o(.data)
    endstr                                   0x20000295   Data           1  ec20.o(.data)
    len                                      0x20000296   Data           1  ec20.o(.data)
    len1                                     0x20000297   Data           1  ec20.o(.data)
    len2                                     0x20000298   Data           1  ec20.o(.data)
    len3                                     0x20000299   Data           1  ec20.o(.data)
    len4                                     0x2000029a   Data           1  ec20.o(.data)
    len5                                     0x2000029c   Data           2  ec20.o(.data)
    DataVar                                  0x2000029e   Data           2  eeprom.o(.data)
    sensorData                               0x200002a0   Data           6  sensor.o(.data)
    uxArraySize                              0x200002ac   Data           4  supervisor.o(.data)
    ulTotalRunTime                           0x200002b0   Data           4  supervisor.o(.data)
    syssleeptimes                            0x200002b4   Data           4  supervisor.o(.data)
    sysautocontroltimes                      0x200002b8   Data           4  supervisor.o(.data)
    sysledofftimes                           0x200002bc   Data           4  supervisor.o(.data)
    sysSleepDefualtFlag                      0x200002c0   Data           4  supervisor.o(.data)
    sysRightUiChangtimes                     0x200002c4   Data           4  supervisor.o(.data)
    temp_mode                                0x200002c8   Data           1  supervisor.o(.data)
    temp_speed_level                         0x200002c9   Data           1  supervisor.o(.data)
    uiData                                   0x200002d0   Data           6  ui.o(.data)
    leftLast                                 0x200002d6   Data           1  ui.o(.data)
    rightLast                                0x200002d7   Data           1  ui.o(.data)
    autoLastSpeed                            0x200002d8   Data           1  ui.o(.data)
    test_flt                                 0x200002dc   Data           4  ui.o(.data)
    mydigit                                  0x200002e0   Data           4  ui.o(.data)
    test_percent                             0x200002e4   Data           4  ui.o(.data)
    error                                    0x20000318   Data           1  humidity.o(.data)
    serialNumber                             0x2000031c   Data           4  humidity.o(.data)
    status                                   0x20000320   Data           2  humidity.o(.data)
    temperature                              0x20000324   Data           4  humidity.o(.data)
    humidity                                 0x20000328   Data           4  humidity.o(.data)
    heater                                   0x2000032c   Data           1  humidity.o(.data)
    touchData                                0x20000334   Data           8  touch.o(.data)
    test_data                                0x2000033c   Data           1  touch.o(.data)
    lastPin                                  0x2000033d   Data           4  encoder.o(.data)
    lastPin1                                 0x20000341   Data           4  encoder.o(.data)
    Reg_Addr                                 0x20000348   Data           1  exti_irq.o(.data)
    poweron_count                            0x2000034c   Data           4  exti_irq.o(.data)
    serialPort1                              0x20000350   Data           4  serial.o(.data)
    serialPort2                              0x20000354   Data           4  serial.o(.data)
    serialPort3                              0x20000358   Data           4  serial.o(.data)
    serialPort4                              0x2000035c   Data           4  serial.o(.data)
    serialPort5                              0x20000360   Data           4  serial.o(.data)
    serialPort6                              0x20000364   Data           4  serial.o(.data)
    serialSTDIO                              0x20000368   Data           4  serial.o(.data)
    pxCurrentTCB                             0x20000380   Data           4  tasks.o(.data)
    Font20                                   0x200003ec   Data           8  font20.o(.data)
    ec20TaskData                             0x200003f4   Data         280  ec20.o(.bss)
    airpurifier_status                       0x2000050c   Data         512  ec20.o(.bss)
    out_aes                                  0x2000070c   Data         256  ec20.o(.bss)
    out_aes1                                 0x2000080c   Data         256  ec20.o(.bss)
    key_temp                                 0x2000090c   Data         128  ec20.o(.bss)
    key_real                                 0x2000098c   Data          16  ec20.o(.bss)
    out1                                     0x2000099c   Data         256  ec20.o(.bss)
    out2                                     0x20000a9c   Data         512  ec20.o(.bss)
    out3                                     0x20000c9c   Data         256  ec20.o(.bss)
    out4                                     0x20000d9c   Data         256  ec20.o(.bss)
    out5                                     0x20000e9c   Data         256  ec20.o(.bss)
    imei_sequence                            0x20000f9c   Data          15  ec20.o(.bss)
    servers_ip                               0x20000fab   Data          32  ec20.o(.bss)
    servers_port                             0x20000fcb   Data          16  ec20.o(.bss)
    mcuID                                    0x20000fdc   Data          12  parameter.o(.bss)
    pxTaskStatusArray                        0x20000fe8   Data         360  supervisor.o(.bss)
    lcdLeftStr                               0x20001150   Data          64  ui.o(.bss)
    lcdRightStr                              0x20001190   Data          64  ui.o(.bss)
    chipUniqueID                             0x200011d0   Data          12  version.o(.bss)
    filterNetData                            0x200011dc   Data          16  filter_net.o(.bss)
    granuleData                              0x200011ec   Data          88  granule.o(.bss)
    methanalData                             0x20001244   Data          32  mathanal.o(.bss)
    vocData                                  0x20001264   Data          20  voc.o(.bss)
    encoderData                              0x20001278   Data          12  encoder.o(.bss)
    motorData                                0x20001284   Data          60  motor.o(.bss)
    motor_pid                                0x200012c0   Data          40  motor.o(.bss)
    TF1touchdata                             0x200012e8   Data          20  st7789.o(.bss)
    TF2touchdata                             0x200012fc   Data          20  st7789.o(.bss)
    __libspace_start                         0x20007428   Data          96  libspace.o(.bss)
    __temporary_stack_top$libspace           0x20007488   Data           0  libspace.o(.bss)



==============================================================================

Memory Map of the image

  Image Entry point : 0x080001ad

  Load Region LR_IROM1 (Base: 0x08000000, Size: 0x000130dc, Max: 0x00100000, ABSOLUTE, COMPRESSED[0x00012de4])

    Execution Region ER_IROM1 (Exec base: 0x08000000, Load base: 0x08000000, Size: 0x00012ce8, Max: 0x00100000, ABSOLUTE)

    Exec Addr    Load Addr    Size         Type   Attr      Idx    E Section Name        Object

    0x08000000   0x08000000   0x000001ac   Data   RO            3    RESET               startup_stm32f427x.o
    0x080001ac   0x080001ac   0x00000008   Code   RO         7551  * !!!main             c_w.l(__main.o)
    0x080001b4   0x080001b4   0x00000034   Code   RO         7969    !!!scatter          c_w.l(__scatter.o)
    0x080001e8   0x080001e8   0x0000005a   Code   RO         7967    !!dczerorl2         c_w.l(__dczerorl2.o)
    0x08000242   0x08000242   0x00000002   PAD
    0x08000244   0x08000244   0x0000001c   Code   RO         7971    !!handler_zi        c_w.l(__scatter_zi.o)
    0x08000260   0x08000260   0x00000000   Code   RO         7523    .ARM.Collect$$_printf_percent$$00000000  c_w.l(_printf_percent.o)
    0x08000260   0x08000260   0x00000006   Code   RO         7521    .ARM.Collect$$_printf_percent$$00000003  c_w.l(_printf_f.o)
    0x08000266   0x08000266   0x00000006   Code   RO         7520    .ARM.Collect$$_printf_percent$$00000009  c_w.l(_printf_d.o)
    0x0800026c   0x0800026c   0x00000006   Code   RO         7518    .ARM.Collect$$_printf_percent$$0000000C  c_w.l(_printf_x.o)
    0x08000272   0x08000272   0x00000004   Code   RO         7643    .ARM.Collect$$_printf_percent$$00000017  c_w.l(_printf_percent_end.o)
    0x08000276   0x08000276   0x00000002   Code   RO         7857    .ARM.Collect$$libinit$$00000000  c_w.l(libinit.o)
    0x08000278   0x08000278   0x00000004   Code   RO         7656    .ARM.Collect$$libinit$$00000001  c_w.l(libinit2.o)
    0x0800027c   0x0800027c   0x00000000   Code   RO         7659    .ARM.Collect$$libinit$$00000004  c_w.l(libinit2.o)
    0x0800027c   0x0800027c   0x00000000   Code   RO         7662    .ARM.Collect$$libinit$$0000000A  c_w.l(libinit2.o)
    0x0800027c   0x0800027c   0x00000000   Code   RO         7664    .ARM.Collect$$libinit$$0000000C  c_w.l(libinit2.o)
    0x0800027c   0x0800027c   0x00000000   Code   RO         7666    .ARM.Collect$$libinit$$0000000E  c_w.l(libinit2.o)
    0x0800027c   0x0800027c   0x00000006   Code   RO         7667    .ARM.Collect$$libinit$$0000000F  c_w.l(libinit2.o)
    0x08000282   0x08000282   0x00000000   Code   RO         7669    .ARM.Collect$$libinit$$00000011  c_w.l(libinit2.o)
    0x08000282   0x08000282   0x00000000   Code   RO         7671    .ARM.Collect$$libinit$$00000013  c_w.l(libinit2.o)
    0x08000282   0x08000282   0x00000000   Code   RO         7673    .ARM.Collect$$libinit$$00000015  c_w.l(libinit2.o)
    0x08000282   0x08000282   0x0000000a   Code   RO         7674    .ARM.Collect$$libinit$$00000016  c_w.l(libinit2.o)
    0x0800028c   0x0800028c   0x00000000   Code   RO         7675    .ARM.Collect$$libinit$$00000017  c_w.l(libinit2.o)
    0x0800028c   0x0800028c   0x00000000   Code   RO         7677    .ARM.Collect$$libinit$$00000019  c_w.l(libinit2.o)
    0x0800028c   0x0800028c   0x00000000   Code   RO         7679    .ARM.Collect$$libinit$$0000001B  c_w.l(libinit2.o)
    0x0800028c   0x0800028c   0x00000000   Code   RO         7681    .ARM.Collect$$libinit$$0000001D  c_w.l(libinit2.o)
    0x0800028c   0x0800028c   0x00000000   Code   RO         7683    .ARM.Collect$$libinit$$0000001F  c_w.l(libinit2.o)
    0x0800028c   0x0800028c   0x00000000   Code   RO         7685    .ARM.Collect$$libinit$$00000021  c_w.l(libinit2.o)
    0x0800028c   0x0800028c   0x00000000   Code   RO         7687    .ARM.Collect$$libinit$$00000023  c_w.l(libinit2.o)
    0x0800028c   0x0800028c   0x00000000   Code   RO         7689    .ARM.Collect$$libinit$$00000025  c_w.l(libinit2.o)
    0x0800028c   0x0800028c   0x00000000   Code   RO         7693    .ARM.Collect$$libinit$$0000002C  c_w.l(libinit2.o)
    0x0800028c   0x0800028c   0x00000000   Code   RO         7695    .ARM.Collect$$libinit$$0000002E  c_w.l(libinit2.o)
    0x0800028c   0x0800028c   0x00000000   Code   RO         7697    .ARM.Collect$$libinit$$00000030  c_w.l(libinit2.o)
    0x0800028c   0x0800028c   0x00000000   Code   RO         7699    .ARM.Collect$$libinit$$00000032  c_w.l(libinit2.o)
    0x0800028c   0x0800028c   0x00000002   Code   RO         7700    .ARM.Collect$$libinit$$00000033  c_w.l(libinit2.o)
    0x0800028e   0x0800028e   0x00000002   Code   RO         7958    .ARM.Collect$$libshutdown$$00000000  c_w.l(libshutdown.o)
    0x08000290   0x08000290   0x00000000   Code   RO         7881    .ARM.Collect$$libshutdown$$00000002  c_w.l(libshutdown2.o)
    0x08000290   0x08000290   0x00000000   Code   RO         7883    .ARM.Collect$$libshutdown$$00000004  c_w.l(libshutdown2.o)
    0x08000290   0x08000290   0x00000000   Code   RO         7886    .ARM.Collect$$libshutdown$$00000007  c_w.l(libshutdown2.o)
    0x08000290   0x08000290   0x00000000   Code   RO         7889    .ARM.Collect$$libshutdown$$0000000A  c_w.l(libshutdown2.o)
    0x08000290   0x08000290   0x00000000   Code   RO         7891    .ARM.Collect$$libshutdown$$0000000C  c_w.l(libshutdown2.o)
    0x08000290   0x08000290   0x00000000   Code   RO         7894    .ARM.Collect$$libshutdown$$0000000F  c_w.l(libshutdown2.o)
    0x08000290   0x08000290   0x00000002   Code   RO         7895    .ARM.Collect$$libshutdown$$00000010  c_w.l(libshutdown2.o)
    0x08000292   0x08000292   0x00000000   Code   RO         7607    .ARM.Collect$$rtentry$$00000000  c_w.l(__rtentry.o)
    0x08000292   0x08000292   0x00000000   Code   RO         7718    .ARM.Collect$$rtentry$$00000002  c_w.l(__rtentry2.o)
    0x08000292   0x08000292   0x00000006   Code   RO         7730    .ARM.Collect$$rtentry$$00000004  c_w.l(__rtentry4.o)
    0x08000298   0x08000298   0x00000000   Code   RO         7720    .ARM.Collect$$rtentry$$00000009  c_w.l(__rtentry2.o)
    0x08000298   0x08000298   0x00000004   Code   RO         7721    .ARM.Collect$$rtentry$$0000000A  c_w.l(__rtentry2.o)
    0x0800029c   0x0800029c   0x00000000   Code   RO         7723    .ARM.Collect$$rtentry$$0000000C  c_w.l(__rtentry2.o)
    0x0800029c   0x0800029c   0x00000008   Code   RO         7724    .ARM.Collect$$rtentry$$0000000D  c_w.l(__rtentry2.o)
    0x080002a4   0x080002a4   0x00000002   Code   RO         7866    .ARM.Collect$$rtexit$$00000000  c_w.l(rtexit.o)
    0x080002a6   0x080002a6   0x00000000   Code   RO         7915    .ARM.Collect$$rtexit$$00000002  c_w.l(rtexit2.o)
    0x080002a6   0x080002a6   0x00000004   Code   RO         7916    .ARM.Collect$$rtexit$$00000003  c_w.l(rtexit2.o)
    0x080002aa   0x080002aa   0x00000006   Code   RO         7917    .ARM.Collect$$rtexit$$00000004  c_w.l(rtexit2.o)
    0x080002b0   0x080002b0   0x000000b6   Code   RO         7189    .emb_text           port.o
    0x08000366   0x08000366   0x00000002   PAD
    0x08000368   0x08000368   0x00000040   Code   RO            4    .text               startup_stm32f427x.o
    0x080003a8   0x080003a8   0x0000002c   Code   RO         7467    .text               c_w.l(__2sprintf.o)
    0x080003d4   0x080003d4   0x00000078   Code   RO         7475    .text               c_w.l(_printf_dec.o)
    0x0800044c   0x0800044c   0x00000058   Code   RO         7480    .text               c_w.l(_printf_hex_int.o)
    0x080004a4   0x080004a4   0x00000138   Code   RO         7510    .text               c_w.l(__printf_flags_wp.o)
    0x080005dc   0x080005dc   0x00000024   Code   RO         7529    .text               c_w.l(strstr.o)
    0x08000600   0x08000600   0x0000003e   Code   RO         7533    .text               c_w.l(strlen.o)
    0x0800063e   0x0800063e   0x0000008a   Code   RO         7537    .text               c_w.l(rt_memcpy_v6.o)
    0x080006c8   0x080006c8   0x00000064   Code   RO         7539    .text               c_w.l(rt_memcpy_w.o)
    0x0800072c   0x0800072c   0x00000010   Code   RO         7541    .text               c_w.l(aeabi_memset.o)
    0x0800073c   0x0800073c   0x00000044   Code   RO         7543    .text               c_w.l(rt_memclr.o)
    0x08000780   0x08000780   0x0000004e   Code   RO         7545    .text               c_w.l(rt_memclr_w.o)
    0x080007ce   0x080007ce   0x00000002   PAD
    0x080007d0   0x080007d0   0x00000080   Code   RO         7547    .text               c_w.l(strcmpv7m.o)
    0x08000850   0x08000850   0x00000006   Code   RO         7549    .text               c_w.l(heapauxi.o)
    0x08000856   0x08000856   0x000000b2   Code   RO         7635    .text               c_w.l(_printf_intcommon.o)
    0x08000908   0x08000908   0x0000041e   Code   RO         7637    .text               c_w.l(_printf_fp_dec.o)
    0x08000d26   0x08000d26   0x00000002   PAD
    0x08000d28   0x08000d28   0x00000030   Code   RO         7639    .text               c_w.l(_printf_char_common.o)
    0x08000d58   0x08000d58   0x0000000a   Code   RO         7641    .text               c_w.l(_sputc.o)
    0x08000d62   0x08000d62   0x00000002   PAD
    0x08000d64   0x08000d64   0x00000008   Code   RO         7714    .text               c_w.l(libspace.o)
    0x08000d6c   0x08000d6c   0x00000008   Code   RO         7735    .text               c_w.l(rt_locale_intlibspace.o)
    0x08000d74   0x08000d74   0x0000008a   Code   RO         7750    .text               c_w.l(lludiv10.o)
    0x08000dfe   0x08000dfe   0x00000002   PAD
    0x08000e00   0x08000e00   0x00000080   Code   RO         7754    .text               c_w.l(_printf_fp_infnan.o)
    0x08000e80   0x08000e80   0x000000e4   Code   RO         7760    .text               c_w.l(bigflt0.o)
    0x08000f64   0x08000f64   0x00000002   Code   RO         7827    .text               c_w.l(use_no_semi.o)
    0x08000f66   0x08000f66   0x00000000   Code   RO         7829    .text               c_w.l(indicate_semi.o)
    0x08000f66   0x08000f66   0x0000004a   Code   RO         7830    .text               c_w.l(sys_stackheap_outer.o)
    0x08000fb0   0x08000fb0   0x00000012   Code   RO         7842    .text               c_w.l(exit.o)
    0x08000fc2   0x08000fc2   0x00000002   PAD
    0x08000fc4   0x08000fc4   0x0000000c   Code   RO         7864    .text               c_w.l(sys_exit.o)
    0x08000fd0   0x08000fd0   0x0000003e   Code   RO         7763    CL$$btod_d2e        c_w.l(btod.o)
    0x0800100e   0x0800100e   0x00000046   Code   RO         7765    CL$$btod_d2e_denorm_low  c_w.l(btod.o)
    0x08001054   0x08001054   0x00000060   Code   RO         7764    CL$$btod_d2e_norm_op1  c_w.l(btod.o)
    0x080010b4   0x080010b4   0x00000338   Code   RO         7773    CL$$btod_div_common  c_w.l(btod.o)
    0x080013ec   0x080013ec   0x000000dc   Code   RO         7770    CL$$btod_e2e        c_w.l(btod.o)
    0x080014c8   0x080014c8   0x0000002a   Code   RO         7767    CL$$btod_ediv       c_w.l(btod.o)
    0x080014f2   0x080014f2   0x0000002a   Code   RO         7766    CL$$btod_emul       c_w.l(btod.o)
    0x0800151c   0x0800151c   0x00000244   Code   RO         7772    CL$$btod_mult_common  c_w.l(btod.o)
    0x08001760   0x08001760   0x00000020   Code   RO         2759    i.DMA1_Stream3_IRQHandler  serial.o
    0x08001780   0x08001780   0x00000020   Code   RO         2760    i.DMA1_Stream4_IRQHandler  serial.o
    0x080017a0   0x080017a0   0x00000020   Code   RO         2761    i.DMA1_Stream6_IRQHandler  serial.o
    0x080017c0   0x080017c0   0x00000020   Code   RO         2762    i.DMA1_Stream7_IRQHandler  serial.o
    0x080017e0   0x080017e0   0x00000020   Code   RO         2763    i.DMA2_Stream6_IRQHandler  serial.o
    0x08001800   0x08001800   0x00000020   Code   RO         2764    i.DMA2_Stream7_IRQHandler  serial.o
    0x08001820   0x08001820   0x00000034   Code   RO         3854    i.DMA_ClearFlag     stm32f4xx_dma.o
    0x08001854   0x08001854   0x00000016   Code   RO         3856    i.DMA_Cmd           stm32f4xx_dma.o
    0x0800186a   0x0800186a   0x00000002   PAD
    0x0800186c   0x0800186c   0x00000158   Code   RO         3857    i.DMA_DeInit        stm32f4xx_dma.o
    0x080019c4   0x080019c4   0x00000008   Code   RO         3862    i.DMA_GetCurrDataCounter  stm32f4xx_dma.o
    0x080019cc   0x080019cc   0x0000003a   Code   RO         3867    i.DMA_ITConfig      stm32f4xx_dma.o
    0x08001a06   0x08001a06   0x00000002   PAD
    0x08001a08   0x08001a08   0x00000058   Code   RO         3868    i.DMA_Init          stm32f4xx_dma.o
    0x08001a60   0x08001a60   0x00000004   Code   RO         3871    i.DMA_SetCurrDataCounter  stm32f4xx_dma.o
    0x08001a64   0x08001a64   0x00000022   Code   RO         3872    i.DMA_StructInit    stm32f4xx_dma.o
    0x08001a86   0x08001a86   0x00000014   Code   RO         3396    i.DelayMicroSeconds  system.o
    0x08001a9a   0x08001a9a   0x0000001a   Code   RO         2297    i.Delay_ms          i2c.o
    0x08001ab4   0x08001ab4   0x0000001c   Code   RO         2298    i.Delay_us          i2c.o
    0x08001ad0   0x08001ad0   0x00000034   Code   RO          317    i.EC20PowerKeyInit  ec20.o
    0x08001b04   0x08001b04   0x00000058   Code   RO          430    i.EE_FindValidPage  eeprom.o
    0x08001b5c   0x08001b5c   0x0000003c   Code   RO          431    i.EE_Format         eeprom.o
    0x08001b98   0x08001b98   0x00000204   Code   RO          432    i.EE_Init           eeprom.o
    0x08001d9c   0x08001d9c   0x000000e4   Code   RO          433    i.EE_PageTransfer   eeprom.o
    0x08001e80   0x08001e80   0x00000060   Code   RO          434    i.EE_ReadVariable   eeprom.o
    0x08001ee0   0x08001ee0   0x0000006c   Code   RO          435    i.EE_VerifyPageFullWriteVariable  eeprom.o
    0x08001f4c   0x08001f4c   0x00000024   Code   RO          436    i.EE_WriteVariable  eeprom.o
    0x08001f70   0x08001f70   0x000001d4   Code   RO         2232    i.EXTI0_IRQHandler  exti_irq.o
    0x08002144   0x08002144   0x00000278   Code   RO         2233    i.EXTI15_10_IRQHandler  exti_irq.o
    0x080023bc   0x080023bc   0x0000028c   Code   RO         2234    i.EXTI9_5_IRQHandler  exti_irq.o
    0x08002648   0x08002648   0x0000000c   Code   RO         3987    i.EXTI_ClearITPendingBit  stm32f4xx_exti.o
    0x08002654   0x08002654   0x00000018   Code   RO         3991    i.EXTI_GetITStatus  stm32f4xx_exti.o
    0x0800266c   0x0800266c   0x00000094   Code   RO         3992    i.EXTI_Init         stm32f4xx_exti.o
    0x08002700   0x08002700   0x00000088   Code   RO         4058    i.FLASH_EraseSector  stm32f4xx_flash.o
    0x08002788   0x08002788   0x00000054   Code   RO         4060    i.FLASH_GetStatus   stm32f4xx_flash.o
    0x080027dc   0x080027dc   0x00000050   Code   RO         4087    i.FLASH_ProgramHalfWord  stm32f4xx_flash.o
    0x0800282c   0x0800282c   0x00000024   Code   RO         4090    i.FLASH_Unlock      stm32f4xx_flash.o
    0x08002850   0x08002850   0x00000022   Code   RO         4091    i.FLASH_WaitForLastOperation  stm32f4xx_flash.o
    0x08002872   0x08002872   0x00000090   Code   RO         4311    i.GPIO_Init         stm32f4xx_gpio.o
    0x08002902   0x08002902   0x00000046   Code   RO         4312    i.GPIO_PinAFConfig  stm32f4xx_gpio.o
    0x08002948   0x08002948   0x00000012   Code   RO         4315    i.GPIO_ReadInputDataBit  stm32f4xx_gpio.o
    0x0800295a   0x0800295a   0x00000004   Code   RO         4318    i.GPIO_ResetBits    stm32f4xx_gpio.o
    0x0800295e   0x0800295e   0x00000004   Code   RO         4319    i.GPIO_SetBits      stm32f4xx_gpio.o
    0x08002962   0x08002962   0x00000012   Code   RO         4320    i.GPIO_StructInit   stm32f4xx_gpio.o
    0x08002974   0x08002974   0x0000000a   Code   RO         4323    i.GPIO_WriteBit     stm32f4xx_gpio.o
    0x0800297e   0x0800297e   0x00000002   PAD
    0x08002980   0x08002980   0x0000003c   Code   RO         2299    i.I2C2_NAck         i2c.o
    0x080029bc   0x080029bc   0x00000060   Code   RO         2300    i.I2C2_ReadByte     i2c.o
    0x08002a1c   0x08002a1c   0x00000044   Code   RO         2301    i.I2C2_ReadOneByte  i2c.o
    0x08002a60   0x08002a60   0x0000003c   Code   RO         2302    i.I2C2_SDAMode      i2c.o
    0x08002a9c   0x08002a9c   0x0000004c   Code   RO         2303    i.I2C2_Start        i2c.o
    0x08002ae8   0x08002ae8   0x00000048   Code   RO         2304    i.I2C2_Stop         i2c.o
    0x08002b30   0x08002b30   0x0000005c   Code   RO         2305    i.I2C2_WaitForAck   i2c.o
    0x08002b8c   0x08002b8c   0x0000007c   Code   RO         2306    i.I2C2_WriteByte    i2c.o
    0x08002c08   0x08002c08   0x0000003c   Code   RO         2308    i.I2C_NAck          i2c.o
    0x08002c44   0x08002c44   0x00000060   Code   RO         2310    i.I2C_ReadByte      i2c.o
    0x08002ca4   0x08002ca4   0x00000044   Code   RO         2311    i.I2C_ReadOneByte   i2c.o
    0x08002ce8   0x08002ce8   0x0000003c   Code   RO         2312    i.I2C_SDAMode       i2c.o
    0x08002d24   0x08002d24   0x0000004c   Code   RO         2313    i.I2C_Start         i2c.o
    0x08002d70   0x08002d70   0x00000048   Code   RO         2314    i.I2C_Stop          i2c.o
    0x08002db8   0x08002db8   0x0000005c   Code   RO         2315    i.I2C_WaitForAck    i2c.o
    0x08002e14   0x08002e14   0x0000007c   Code   RO         2317    i.I2C_WriteByte     i2c.o
    0x08002e90   0x08002e90   0x00000048   Code   RO         2546    i.I2c_Init          i2c_hal.o
    0x08002ed8   0x08002ed8   0x000000ac   Code   RO         2547    i.I2c_ReadByte      i2c_hal.o
    0x08002f84   0x08002f84   0x00000044   Code   RO         2548    i.I2c_StartCondition  i2c_hal.o
    0x08002fc8   0x08002fc8   0x00000044   Code   RO         2549    i.I2c_StopCondition  i2c_hal.o
    0x0800300c   0x0800300c   0x00000034   Code   RO         2550    i.I2c_WaitWhileClockStreching  i2c_hal.o
    0x08003040   0x08003040   0x00000088   Code   RO         2551    i.I2c_WriteByte     i2c_hal.o
    0x080030c8   0x080030c8   0x0000003a   Code   RO         3228    i.LCD_Default       st7789.o
    0x08003102   0x08003102   0x00000052   Code   RO         3230    i.LCD_SetArea       st7789.o
    0x08003154   0x08003154   0x00000062   Code   RO         3231    i.LCD_SetCursor     st7789.o
    0x080031b6   0x080031b6   0x00000002   PAD
    0x080031b8   0x080031b8   0x00000070   Code   RO         3232    i.LCD_WR_DATA       st7789.o
    0x08003228   0x08003228   0x000000a0   Code   RO         3233    i.LCD_WR_DATA16     st7789.o
    0x080032c8   0x080032c8   0x0000007c   Code   RO         3234    i.LCD_WR_REG        st7789.o
    0x08003344   0x08003344   0x00000078   Code   RO         3512    i.NVIC_Init         misc.o
    0x080033bc   0x080033bc   0x00000014   Code   RO         3513    i.NVIC_PriorityGroupConfig  misc.o
    0x080033d0   0x080033d0   0x00000044   Code   RO         4699    i.PWR_EnterSTOPMode  stm32f4xx_pwr.o
    0x08003414   0x08003414   0x00000020   Code   RO         4820    i.RCC_AHB1PeriphClockCmd  stm32f4xx_rcc.o
    0x08003434   0x08003434   0x00000020   Code   RO         4829    i.RCC_APB1PeriphClockCmd  stm32f4xx_rcc.o
    0x08003454   0x08003454   0x00000020   Code   RO         4831    i.RCC_APB1PeriphResetCmd  stm32f4xx_rcc.o
    0x08003474   0x08003474   0x00000020   Code   RO         4832    i.RCC_APB2PeriphClockCmd  stm32f4xx_rcc.o
    0x08003494   0x08003494   0x00000020   Code   RO         4834    i.RCC_APB2PeriphResetCmd  stm32f4xx_rcc.o
    0x080034b4   0x080034b4   0x000000e8   Code   RO         4841    i.RCC_GetClocksFreq  stm32f4xx_rcc.o
    0x0800359c   0x0800359c   0x0000003a   Code   RO         3002    i.SHT3X_CalcCrc     sht3x.o
    0x080035d6   0x080035d6   0x00000002   PAD
    0x080035d8   0x080035d8   0x00000024   Code   RO         3003    i.SHT3X_CalcHumidity  sht3x.o
    0x080035fc   0x080035fc   0x00000030   Code   RO         3006    i.SHT3X_CalcTemperature  sht3x.o
    0x0800362c   0x0800362c   0x00000022   Code   RO         3007    i.SHT3X_CheckCrc    sht3x.o
    0x0800364e   0x0800364e   0x00000002   PAD
    0x08003650   0x08003650   0x0000001c   Code   RO         3016    i.SHT3X_Init        sht3x.o
    0x0800366c   0x0800366c   0x00000058   Code   RO         3017    i.SHT3X_Read2BytesAndCrc  sht3x.o
    0x080036c4   0x080036c4   0x0000005e   Code   RO         3020    i.SHT3X_ReadMeasurementBuffer  sht3x.o
    0x08003722   0x08003722   0x00000002   PAD
    0x08003724   0x08003724   0x0000000c   Code   RO         3023    i.SHT3X_SetI2cAdr   sht3x.o
    0x08003730   0x08003730   0x00000024   Code   RO         3024    i.SHT3X_SoftReset   sht3x.o
    0x08003754   0x08003754   0x0000012c   Code   RO         3025    i.SHT3X_StartPeriodicMeasurment  sht3x.o
    0x08003880   0x08003880   0x00000020   Code   RO         3026    i.SHT3X_StartReadAccess  sht3x.o
    0x080038a0   0x080038a0   0x0000001c   Code   RO         3027    i.SHT3X_StartWriteAccess  sht3x.o
    0x080038bc   0x080038bc   0x00000008   Code   RO         3028    i.SHT3X_StopAccess  sht3x.o
    0x080038c4   0x080038c4   0x00000018   Code   RO         3031    i.SHT3X_WriteCommand  sht3x.o
    0x080038dc   0x080038dc   0x00000052   Code   RO         3032    i.SHT3x_ReadSerialNumber  sht3x.o
    0x0800392e   0x0800392e   0x00000018   Code   RO         5362    i.SPI_Cmd           stm32f4xx_spi.o
    0x08003946   0x08003946   0x00000012   Code   RO         5370    i.SPI_I2S_GetFlagStatus  stm32f4xx_spi.o
    0x08003958   0x08003958   0x00000004   Code   RO         5374    i.SPI_I2S_SendData  stm32f4xx_spi.o
    0x0800395c   0x0800395c   0x0000003c   Code   RO         5375    i.SPI_Init          stm32f4xx_spi.o
    0x08003998   0x08003998   0x00000040   Code   RO         5527    i.SYSCFG_EXTILineConfig  stm32f4xx_syscfg.o
    0x080039d8   0x080039d8   0x00000120   Code   RO           13    i.SetSysClock       system_stm32f4xx.o
    0x08003af8   0x08003af8   0x00000068   Code   RO           15    i.SystemInit        system_stm32f4xx.o
    0x08003b60   0x08003b60   0x00000018   Code   RO         5588    i.TIM_ARRPreloadConfig  stm32f4xx_tim.o
    0x08003b78   0x08003b78   0x00000018   Code   RO         5600    i.TIM_Cmd           stm32f4xx_tim.o
    0x08003b90   0x08003b90   0x00000190   Code   RO         5605    i.TIM_DeInit        stm32f4xx_tim.o
    0x08003d20   0x08003d20   0x0000007c   Code   RO         5629    i.TIM_OC1Init       stm32f4xx_tim.o
    0x08003d9c   0x08003d9c   0x00000012   Code   RO         5632    i.TIM_OC1PreloadConfig  stm32f4xx_tim.o
    0x08003dae   0x08003dae   0x00000002   PAD
    0x08003db0   0x08003db0   0x000000a4   Code   RO         5634    i.TIM_OC2Init       stm32f4xx_tim.o
    0x08003e54   0x08003e54   0x0000001a   Code   RO         5637    i.TIM_OC2PreloadConfig  stm32f4xx_tim.o
    0x08003e6e   0x08003e6e   0x00000002   PAD
    0x08003e70   0x08003e70   0x00000084   Code   RO         5672    i.TIM_TimeBaseInit  stm32f4xx_tim.o
    0x08003ef4   0x08003ef4   0x00000068   Code   RO         2765    i.UART4_IRQHandler  serial.o
    0x08003f5c   0x08003f5c   0x00000068   Code   RO         2766    i.UART5_IRQHandler  serial.o
    0x08003fc4   0x08003fc4   0x00000068   Code   RO         2767    i.USART1_IRQHandler  serial.o
    0x0800402c   0x0800402c   0x00000068   Code   RO         2768    i.USART2_IRQHandler  serial.o
    0x08004094   0x08004094   0x00000068   Code   RO         2769    i.USART3_IRQHandler  serial.o
    0x080040fc   0x080040fc   0x00000068   Code   RO         2770    i.USART6_IRQHandler  serial.o
    0x08004164   0x08004164   0x00000018   Code   RO         6154    i.USART_Cmd         stm32f4xx_usart.o
    0x0800417c   0x0800417c   0x00000012   Code   RO         6155    i.USART_DMACmd      stm32f4xx_usart.o
    0x0800418e   0x0800418e   0x0000004a   Code   RO         6160    i.USART_ITConfig    stm32f4xx_usart.o
    0x080041d8   0x080041d8   0x000000d4   Code   RO         6161    i.USART_Init        stm32f4xx_usart.o
    0x080042ac   0x080042ac   0x00000016   Code   RO         6167    i.USART_OverSampling8Cmd  stm32f4xx_usart.o
    0x080042c2   0x080042c2   0x00000018   Code   RO         6177    i.USART_StructInit  stm32f4xx_usart.o
    0x080042da   0x080042da   0x00000030   Code   RO         7817    i.__ARM_fpclassify  m_wm.l(fpclassify.o)
    0x0800430a   0x0800430a   0x00000014   Code   RO         7593    i.__hardfp_fabs     m_wm.l(fabs.o)
    0x0800431e   0x0800431e   0x0000000e   Code   RO         7508    i._is_digit         c_w.l(__printf_wp.o)
    0x0800432c   0x0800432c   0x0000003c   Code   RO         2773    i._serialStartTxDMA  serial.o
    0x08004368   0x08004368   0x00000948   Code   RO          318    i.afxEC20Task       ec20.o
    0x08004cb0   0x08004cb0   0x00000034   Code   RO          156    i.afxInitTask       afx_init.o
    0x08004ce4   0x08004ce4   0x00000340   Code   RO          587    i.afxSupervisorTask  supervisor.o
    0x08005024   0x08005024   0x00000224   Code   RO          638    i.afxUITask         ui.o
    0x08005248   0x08005248   0x0000033c   Code   RO          639    i.aqiDisplayRefresh  ui.o
    0x08005584   0x08005584   0x000003a0   Code   RO          640    i.aqiDisplayUpdata  ui.o
    0x08005924   0x08005924   0x00000158   Code   RO          642    i.autoDisplayRefresh  ui.o
    0x08005a7c   0x08005a7c   0x00000174   Code   RO          643    i.autoPartialUpdate  ui.o
    0x08005bf0   0x08005bf0   0x00000018   Code   RO         3420    i.delay_ms          timer.o
    0x08005c08   0x08005c08   0x0000007a   Code   RO         2155    i.digitalInit       digital.o
    0x08005c82   0x08005c82   0x00000068   Code   RO         3238    i.drawKanjiFromTable  st7789.o
    0x08005cea   0x08005cea   0x00000002   PAD
    0x08005cec   0x08005cec   0x000001a8   Code   RO         3239    i.drawNum           st7789.o
    0x08005e94   0x08005e94   0x00000058   Code   RO         6712    i.eTaskGetState     tasks.o
    0x08005eec   0x08005eec   0x0000004c   Code   RO          319    i.ec20Init          ec20.o
    0x08005f38   0x08005f38   0x0000001c   Code   RO          320    i.ec20Print         ec20.o
    0x08005f54   0x08005f54   0x00000024   Code   RO          321    i.ec20_send_datas   ec20.o
    0x08005f78   0x08005f78   0x00000168   Code   RO         2182    i.encoderInit       encoder.o
    0x080060e0   0x080060e0   0x000001c8   Code   RO         2183    i.encoderUpdate     encoder.o
    0x080062a8   0x080062a8   0x000000bc   Code   RO         2184    i.encoderUpdate_ledUp  encoder.o
    0x08006364   0x08006364   0x000001f4   Code   RO          644    i.filterDisplayRefresh  ui.o
    0x08006558   0x08006558   0x0000020c   Code   RO          645    i.filterDisplayUpdata  ui.o
    0x08006764   0x08006764   0x000000dc   Code   RO         1107    i.filterNetInit     filter_net.o
    0x08006840   0x08006840   0x000000b8   Code   RO         1108    i.filterNetUpdate   filter_net.o
    0x080068f8   0x080068f8   0x0000001c   Code   RO         1203    i.granuleCheckSum   granule.o
    0x08006914   0x08006914   0x00000030   Code   RO         1205    i.granuleInit       granule.o
    0x08006944   0x08006944   0x00000254   Code   RO         1206    i.granuleParseChar  granule.o
    0x08006b98   0x08006b98   0x00000024   Code   RO         1209    i.granuleUpdate     granule.o
    0x08006bbc   0x08006bbc   0x000000d8   Code   RO          646    i.humidityDisplayRefresh  ui.o
    0x08006c94   0x08006c94   0x0000014c   Code   RO          647    i.humidityDisplayUpdata  ui.o
    0x08006de0   0x08006de0   0x00000044   Code   RO         1270    i.humidityInit      humidity.o
    0x08006e24   0x08006e24   0x00000038   Code   RO         1271    i.humidityUpdate    humidity.o
    0x08006e5c   0x08006e5c   0x00000114   Code   RO         2319    i.i2c2Init          i2c.o
    0x08006f70   0x08006f70   0x00000114   Code   RO         2320    i.i2cInit           i2c.o
    0x08007084   0x08007084   0x000000b0   Code   RO         3240    i.lcdDisplayChar    st7789.o
    0x08007134   0x08007134   0x00000020   Code   RO          648    i.lcdDisplayInit    ui.o
    0x08007154   0x08007154   0x00000150   Code   RO         3241    i.lcdDrawFloat40    st7789.o
    0x080072a4   0x080072a4   0x00000086   Code   RO         3242    i.lcdDrawIcon       st7789.o
    0x0800732a   0x0800732a   0x000002aa   Code   RO         3243    i.lcdDrawInteger    st7789.o
    0x080075d4   0x080075d4   0x0000011e   Code   RO         3244    i.lcdDrawIntegerFont  st7789.o
    0x080076f2   0x080076f2   0x0000003e   Code   RO         3245    i.lcdDrawRectange   st7789.o
    0x08007730   0x08007730   0x0000003c   Code   RO         3246    i.lcdDrawRectangeDefault  st7789.o
    0x0800776c   0x0800776c   0x0000000e   Code   RO         2607    i.lcdInit           lcd.o
    0x0800777a   0x0800777a   0x00000002   PAD
    0x0800777c   0x0800777c   0x00000114   Code   RO          649    i.leftLcdChange     ui.o
    0x08007890   0x08007890   0x00000020   Code   RO          650    i.leftLcdOff        ui.o
    0x080078b0   0x080078b0   0x000000a0   Code   RO          651    i.leftLcdUpdate     ui.o
    0x08007950   0x08007950   0x00000030   Code   RO          490    i.main              main.o
    0x08007980   0x08007980   0x00000228   Code   RO          652    i.mathanalDisplayUpdate  ui.o
    0x08007ba8   0x08007ba8   0x00000024   Code   RO         1310    i.methanalCheckSum  mathanal.o
    0x08007bcc   0x08007bcc   0x000001b4   Code   RO          653    i.methanalDisplayRefresh  ui.o
    0x08007d80   0x08007d80   0x00000028   Code   RO         1311    i.methanalInit      mathanal.o
    0x08007da8   0x08007da8   0x00000118   Code   RO         1312    i.methanalParseChar  mathanal.o
    0x08007ec0   0x08007ec0   0x00000030   Code   RO         1314    i.methanalSetMode   mathanal.o
    0x08007ef0   0x08007ef0   0x0000009c   Code   RO         1315    i.methanalUpdate    mathanal.o
    0x08007f8c   0x08007f8c   0x00000424   Code   RO         2638    i.motorControl      motor.o
    0x080083b0   0x080083b0   0x00000050   Code   RO         2639    i.motorSensorInit   motor.o
    0x08008400   0x08008400   0x00000008   Code   RO          514    i.parameterInit     parameter.o
    0x08008408   0x08008408   0x00000034   Code   RO         2641    i.pid_Init          motor.o
    0x0800843c   0x0800843c   0x0000017c   Code   RO          655    i.pm25DisplayRefresh  ui.o
    0x080085b8   0x080085b8   0x000001b4   Code   RO          656    i.pm25DisplayUpdata  ui.o
    0x0800876c   0x0800876c   0x00000028   Code   RO          657    i.powerOffDisplayRefresh  ui.o
    0x08008794   0x08008794   0x00000028   Code   RO          658    i.powerOnDisplayRefresh  ui.o
    0x080087bc   0x080087bc   0x00000080   Code   RO         6714    i.prvAddCurrentTaskToDelayedList  tasks.o
    0x0800883c   0x0800883c   0x000000b8   Code   RO         6715    i.prvAddNewTaskToReadyList  tasks.o
    0x080088f4   0x080088f4   0x0000004c   Code   RO         7022    i.prvCheckForValidListAndQueue  timers.o
    0x08008940   0x08008940   0x00000064   Code   RO         6716    i.prvCheckTasksWaitingTermination  tasks.o
    0x080089a4   0x080089a4   0x0000002a   Code   RO         6548    i.prvCopyDataFromQueue  queue.o
    0x080089ce   0x080089ce   0x0000007c   Code   RO         6549    i.prvCopyDataToQueue  queue.o
    0x08008a4a   0x08008a4a   0x00000012   Code   RO         6717    i.prvDeleteTCB      tasks.o
    0x08008a5c   0x08008a5c   0x00000028   Code   RO         7023    i.prvGetNextExpireTime  timers.o
    0x08008a84   0x08008a84   0x0000007c   Code   RO         7140    i.prvHeapInit       heap_4.o
    0x08008b00   0x08008b00   0x00000028   Code   RO         6718    i.prvIdleTask       tasks.o
    0x08008b28   0x08008b28   0x0000002a   Code   RO         6551    i.prvInitialiseNewQueue  queue.o
    0x08008b52   0x08008b52   0x00000090   Code   RO         6719    i.prvInitialiseNewTask  tasks.o
    0x08008be2   0x08008be2   0x00000002   PAD
    0x08008be4   0x08008be4   0x0000005c   Code   RO         6720    i.prvInitialiseTaskLists  tasks.o
    0x08008c40   0x08008c40   0x00000068   Code   RO         7141    i.prvInsertBlockIntoFreeList  heap_4.o
    0x08008ca8   0x08008ca8   0x00000058   Code   RO         7025    i.prvInsertTimerInActiveList  timers.o
    0x08008d00   0x08008d00   0x0000001a   Code   RO         6552    i.prvIsQueueEmpty   queue.o
    0x08008d1a   0x08008d1a   0x0000001e   Code   RO         6553    i.prvIsQueueFull    queue.o
    0x08008d38   0x08008d38   0x0000006a   Code   RO         6721    i.prvListTasksWithinSingleList  tasks.o
    0x08008da2   0x08008da2   0x00000002   PAD
    0x08008da4   0x08008da4   0x0000004c   Code   RO         7026    i.prvProcessExpiredTimer  timers.o
    0x08008df0   0x08008df0   0x000000bc   Code   RO         7027    i.prvProcessReceivedCommands  timers.o
    0x08008eac   0x08008eac   0x00000074   Code   RO         7028    i.prvProcessTimerOrBlockTask  timers.o
    0x08008f20   0x08008f20   0x00000034   Code   RO         6722    i.prvResetNextTaskUnblockTime  tasks.o
    0x08008f54   0x08008f54   0x0000002c   Code   RO         7029    i.prvSampleTimeNow  timers.o
    0x08008f80   0x08008f80   0x00000084   Code   RO         7030    i.prvSwitchTimerLists  timers.o
    0x08009004   0x08009004   0x00000016   Code   RO         6723    i.prvTaskCheckFreeStackSpace  tasks.o
    0x0800901a   0x0800901a   0x00000016   Code   RO         7190    i.prvTaskExitError  port.o
    0x08009030   0x08009030   0x0000001a   Code   RO         7031    i.prvTimerTask      timers.o
    0x0800904a   0x0800904a   0x0000007e   Code   RO         6554    i.prvUnlockQueue    queue.o
    0x080090c8   0x080090c8   0x000000dc   Code   RO         7142    i.pvPortMalloc      heap_4.o
    0x080091a4   0x080091a4   0x00000020   Code   RO         6724    i.pvTaskIncrementMutexHeldCount  tasks.o
    0x080091c4   0x080091c4   0x0000002c   Code   RO         7191    i.pxPortInitialiseStack  port.o
    0x080091f0   0x080091f0   0x00000144   Code   RO          659    i.rightLcdChange    ui.o
    0x08009334   0x08009334   0x00000010   Code   RO          660    i.rightLcdOff       ui.o
    0x08009344   0x08009344   0x0000013c   Code   RO          661    i.rightLcdUpdate    ui.o
    0x08009480   0x08009480   0x00000004   Code   RO         2697    i.rtcInit           rtc.o
    0x08009484   0x08009484   0x00000028   Code   RO          588    i.rtosSupervisor    supervisor.o
    0x080094ac   0x080094ac   0x00000028   Code   RO          551    i.sensorInit        sensor.o
    0x080094d4   0x080094d4   0x00000014   Code   RO          552    i.sensorUpdate      sensor.o
    0x080094e8   0x080094e8   0x00000028   Code   RO         2774    i.serialAvailable   serial.o
    0x08009510   0x08009510   0x000001ac   Code   RO         2778    i.serialOpen        serial.o
    0x080096bc   0x080096bc   0x00000046   Code   RO         2779    i.serialOpenUART    serial.o
    0x08009702   0x08009702   0x0000001a   Code   RO         2780    i.serialPrint       serial.o
    0x0800971c   0x0800971c   0x00000038   Code   RO         2781    i.serialRead        serial.o
    0x08009754   0x08009754   0x00000040   Code   RO         2784    i.serialStartTxDMA  serial.o
    0x08009794   0x08009794   0x00000100   Code   RO         2785    i.serialUSART1      serial.o
    0x08009894   0x08009894   0x000000d8   Code   RO         2786    i.serialUSART2      serial.o
    0x0800996c   0x0800996c   0x000000fc   Code   RO         2787    i.serialUSART3      serial.o
    0x08009a68   0x08009a68   0x000000d4   Code   RO         2788    i.serialUSART4      serial.o
    0x08009b3c   0x08009b3c   0x00000128   Code   RO         2789    i.serialUSART5      serial.o
    0x08009c64   0x08009c64   0x000000d4   Code   RO         2790    i.serialUSART6      serial.o
    0x08009d38   0x08009d38   0x00000036   Code   RO         2792    i.serialWrite       serial.o
    0x08009d6e   0x08009d6e   0x0000004c   Code   RO         2793    i.serialWriteBlock  serial.o
    0x08009dba   0x08009dba   0x00000002   PAD
    0x08009dbc   0x08009dbc   0x00000028   Code   RO          662    i.sleepDisplayRefresh  ui.o
    0x08009de4   0x08009de4   0x000000fc   Code   RO          663    i.speedDisplayRefresh  ui.o
    0x08009ee0   0x08009ee0   0x000000c0   Code   RO          664    i.speedPartialUpdate  ui.o
    0x08009fa0   0x08009fa0   0x0000021c   Code   RO         3198    i.spiInit           spi.o
    0x0800a1bc   0x0800a1bc   0x00000138   Code   RO         3248    i.st7789Init        st7789.o
    0x0800a2f4   0x0800a2f4   0x000001e6   Code   RO         3249    i.st7789LowLevelInit  st7789.o
    0x0800a4da   0x0800a4da   0x00000002   PAD
    0x0800a4dc   0x0800a4dc   0x00000020   Code   RO         3250    i.st7789Reset       st7789.o
    0x0800a4fc   0x0800a4fc   0x00000034   Code   RO          589    i.supervisorInit    supervisor.o
    0x0800a530   0x0800a530   0x00000024   Code   RO          515    i.systemReadID      parameter.o
    0x0800a554   0x0800a554   0x000000a4   Code   RO          665    i.timeDisplayRefresh  ui.o
    0x0800a5f8   0x0800a5f8   0x00000034   Code   RO          666    i.timePartialUpdate  ui.o
    0x0800a62c   0x0800a62c   0x000000bc   Code   RO         3421    i.timer3Init        timer.o
    0x0800a6e8   0x0800a6e8   0x00000040   Code   RO         3422    i.timer4Init        timer.o
    0x0800a728   0x0800a728   0x0000000c   Code   RO         3423    i.timerInit         timer.o
    0x0800a734   0x0800a734   0x00000274   Code   RO         1407    i.touchHandle       touch.o
    0x0800a9a8   0x0800a9a8   0x0000000c   Code   RO         1408    i.touchInit         touch.o
    0x0800a9b4   0x0800a9b4   0x00000044   Code   RO          667    i.uiInit            ui.o
    0x0800a9f8   0x0800a9f8   0x00000028   Code   RO         6512    i.uxListRemove      list.o
    0x0800aa20   0x0800aa20   0x0000000c   Code   RO         6726    i.uxTaskGetNumberOfTasks  tasks.o
    0x0800aa2c   0x0800aa2c   0x0000009c   Code   RO         6727    i.uxTaskGetSystemState  tasks.o
    0x0800aac8   0x0800aac8   0x00000004   Code   RO          157    i.vApplicationMallocFailedHook  afx_init.o
    0x0800aacc   0x0800aacc   0x0000001a   Code   RO         6513    i.vListInitialise   list.o
    0x0800aae6   0x0800aae6   0x00000006   Code   RO         6514    i.vListInitialiseItem  list.o
    0x0800aaec   0x0800aaec   0x00000034   Code   RO         6515    i.vListInsert       list.o
    0x0800ab20   0x0800ab20   0x00000018   Code   RO         6516    i.vListInsertEnd    list.o
    0x0800ab38   0x0800ab38   0x00000024   Code   RO         7193    i.vPortEnterCritical  port.o
    0x0800ab5c   0x0800ab5c   0x00000020   Code   RO         7194    i.vPortExitCritical  port.o
    0x0800ab7c   0x0800ab7c   0x00000048   Code   RO         7143    i.vPortFree         heap_4.o
    0x0800abc4   0x0800abc4   0x00000014   Code   RO         7195    i.vPortSetupTimerInterrupt  port.o
    0x0800abd8   0x0800abd8   0x0000004a   Code   RO         6562    i.vQueueWaitForMessageRestricted  queue.o
    0x0800ac22   0x0800ac22   0x00000002   PAD
    0x0800ac24   0x0800ac24   0x00000034   Code   RO         6730    i.vTaskDelay        tasks.o
    0x0800ac58   0x0800ac58   0x00000074   Code   RO         6731    i.vTaskDelayUntil   tasks.o
    0x0800accc   0x0800accc   0x000000cc   Code   RO         6732    i.vTaskDelete       tasks.o
    0x0800ad98   0x0800ad98   0x00000060   Code   RO         6734    i.vTaskGetInfo      tasks.o
    0x0800adf8   0x0800adf8   0x0000000c   Code   RO         6735    i.vTaskMissedYield  tasks.o
    0x0800ae04   0x0800ae04   0x00000020   Code   RO         6737    i.vTaskPlaceOnEventList  tasks.o
    0x0800ae24   0x0800ae24   0x00000028   Code   RO         6738    i.vTaskPlaceOnEventListRestricted  tasks.o
    0x0800ae4c   0x0800ae4c   0x000000b0   Code   RO         6740    i.vTaskPriorityInherit  tasks.o
    0x0800aefc   0x0800aefc   0x00000018   Code   RO         6742    i.vTaskSetTimeOutState  tasks.o
    0x0800af14   0x0800af14   0x00000070   Code   RO         6743    i.vTaskStartScheduler  tasks.o
    0x0800af84   0x0800af84   0x00000010   Code   RO         6744    i.vTaskSuspendAll   tasks.o
    0x0800af94   0x0800af94   0x00000060   Code   RO         6745    i.vTaskSwitchContext  tasks.o
    0x0800aff4   0x0800aff4   0x00000024   Code   RO         1077    i.versionInit       version.o
    0x0800b018   0x0800b018   0x00000070   Code   RO          668    i.vocDisplayRefresh  ui.o
    0x0800b088   0x0800b088   0x000000c0   Code   RO          669    i.vocDisplayUpdata  ui.o
    0x0800b148   0x0800b148   0x00000080   Code   RO         1371    i.vocInit           voc.o
    0x0800b1c8   0x0800b1c8   0x00000078   Code   RO         1372    i.vocUpdate         voc.o
    0x0800b240   0x0800b240   0x00000048   Code   RO         7196    i.xPortStartScheduler  port.o
    0x0800b288   0x0800b288   0x00000034   Code   RO         7197    i.xPortSysTickHandler  port.o
    0x0800b2bc   0x0800b2bc   0x00000038   Code   RO         6565    i.xQueueGenericCreate  queue.o
    0x0800b2f4   0x0800b2f4   0x0000015c   Code   RO         6566    i.xQueueGenericReceive  queue.o
    0x0800b450   0x0800b450   0x00000080   Code   RO         6567    i.xQueueGenericReset  queue.o
    0x0800b4d0   0x0800b4d0   0x00000118   Code   RO         6568    i.xQueueGenericSend  queue.o
    0x0800b5e8   0x0800b5e8   0x00000086   Code   RO         6569    i.xQueueGenericSendFromISR  queue.o
    0x0800b66e   0x0800b66e   0x00000002   PAD
    0x0800b670   0x0800b670   0x00000054   Code   RO         6746    i.xTaskCheckForTimeOut  tasks.o
    0x0800b6c4   0x0800b6c4   0x00000060   Code   RO         6747    i.xTaskCreate       tasks.o
    0x0800b724   0x0800b724   0x00000020   Code   RO         6751    i.xTaskGetSchedulerState  tasks.o
    0x0800b744   0x0800b744   0x0000000c   Code   RO         6752    i.xTaskGetTickCount  tasks.o
    0x0800b750   0x0800b750   0x0000000c   Code   RO         6753    i.xTaskGetTickCountFromISR  tasks.o
    0x0800b75c   0x0800b75c   0x0000011c   Code   RO         6754    i.xTaskIncrementTick  tasks.o
    0x0800b878   0x0800b878   0x00000084   Code   RO         6757    i.xTaskPriorityDisinherit  tasks.o
    0x0800b8fc   0x0800b8fc   0x00000080   Code   RO         6758    i.xTaskRemoveFromEventList  tasks.o
    0x0800b97c   0x0800b97c   0x000000e8   Code   RO         6760    i.xTaskResumeAll    tasks.o
    0x0800ba64   0x0800ba64   0x0000003c   Code   RO         7035    i.xTimerCreateTimerTask  timers.o
    0x0800baa0   0x0800baa0   0x0000006c   Code   RO         7036    i.xTimerGenericCommand  timers.o
    0x0800bb0c   0x0800bb0c   0x0000002c   Code   RO         7792    locale$$code        c_w.l(lc_numeric_c.o)
    0x0800bb38   0x0800bb38   0x00000062   Code   RO         7553    x$fpl$d2f           fz_wm.l(d2f.o)
    0x0800bb9a   0x0800bb9a   0x00000002   PAD
    0x0800bb9c   0x0800bb9c   0x00000150   Code   RO         7555    x$fpl$dadd          fz_wm.l(daddsub_clz.o)
    0x0800bcec   0x0800bcec   0x00000018   Code   RO         7701    x$fpl$dcmpinf       fz_wm.l(dcmpi.o)
    0x0800bd04   0x0800bd04   0x000002b0   Code   RO         7562    x$fpl$ddiv          fz_wm.l(ddiv.o)
    0x0800bfb4   0x0800bfb4   0x0000005a   Code   RO         7571    x$fpl$dfixu         fz_wm.l(dfixu.o)
    0x0800c00e   0x0800c00e   0x0000002e   Code   RO         7576    x$fpl$dflt          fz_wm.l(dflt_clz.o)
    0x0800c03c   0x0800c03c   0x00000026   Code   RO         7575    x$fpl$dfltu         fz_wm.l(dflt_clz.o)
    0x0800c062   0x0800c062   0x00000002   PAD
    0x0800c064   0x0800c064   0x00000078   Code   RO         7581    x$fpl$dleqf         fz_wm.l(dleqf.o)
    0x0800c0dc   0x0800c0dc   0x0000009c   Code   RO         7703    x$fpl$dnaninf       fz_wm.l(dnaninf.o)
    0x0800c178   0x0800c178   0x0000000c   Code   RO         7705    x$fpl$dretinf       fz_wm.l(dretinf.o)
    0x0800c184   0x0800c184   0x0000006c   Code   RO         7585    x$fpl$drleqf        fz_wm.l(drleqf.o)
    0x0800c1f0   0x0800c1f0   0x000001d4   Code   RO         7557    x$fpl$dsub          fz_wm.l(daddsub_clz.o)
    0x0800c3c4   0x0800c3c4   0x00000056   Code   RO         7587    x$fpl$f2d           fz_wm.l(f2d.o)
    0x0800c41a   0x0800c41a   0x0000008c   Code   RO         7707    x$fpl$fnaninf       fz_wm.l(fnaninf.o)
    0x0800c4a6   0x0800c4a6   0x0000000a   Code   RO         7807    x$fpl$fpinit        fz_wm.l(fpinit.o)
    0x0800c4b0   0x0800c4b0   0x0000000a   Code   RO         7709    x$fpl$fretinf       fz_wm.l(fretinf.o)
    0x0800c4ba   0x0800c4ba   0x00000004   Code   RO         7589    x$fpl$printf1       fz_wm.l(printf1.o)
    0x0800c4be   0x0800c4be   0x00000000   Code   RO         7711    x$fpl$usenofp       fz_wm.l(usenofp.o)
    0x0800c4be   0x0800c4be   0x0000001e   Data   RO          517    .constdata          parameter.o
    0x0800c4dc   0x0800c4dc   0x00003490   Data   RO          672    .constdata          ui.o
    0x0800f96c   0x0800f96c   0x0000001b   Data   RO         1317    .constdata          mathanal.o
    0x0800f987   0x0800f987   0x00000ed8   Data   RO         7302    .constdata          font20.o
    0x0801085f   0x0801085f   0x00000bb8   Data   RO         7316    .constdata          font20num.o
    0x08011417   0x08011417   0x00000a14   Data   RO         7343    .constdata          font24num.o
    0x08011e2b   0x08011e2b   0x00000bb8   Data   RO         7356    .constdata          font40num.o
    0x080129e3   0x080129e3   0x00000028   Data   RO         7481    .constdata          c_w.l(_printf_hex_int.o)
    0x08012a0b   0x08012a0b   0x00000011   Data   RO         7511    .constdata          c_w.l(__printf_flags_wp.o)
    0x08012a1c   0x08012a1c   0x00000094   Data   RO         7761    .constdata          c_w.l(bigflt0.o)
    0x08012ab0   0x08012ab0   0x000001fa   Data   RO          323    .conststring        ec20.o
    0x08012caa   0x08012caa   0x00000002   PAD
    0x08012cac   0x08012cac   0x00000020   Data   RO         7965    Region$$Table       anon$$obj.o
    0x08012ccc   0x08012ccc   0x0000001c   Data   RO         7791    locale$$data        c_w.l(lc_numeric_c.o)


    Execution Region RW_IRAM1 (Exec base: 0x20000000, Load base: 0x08012ce8, Size: 0x00007a88, Max: 0x00030000, ABSOLUTE, COMPRESSED[0x000000fc])

    Exec Addr    Load Addr    Size         Type   Attr      Idx    E Section Name        Object

    0x20000000   COMPRESSED   0x0000029e   Data   RW          324    .data               ec20.o
    0x2000029e   COMPRESSED   0x00000002   Data   RW          437    .data               eeprom.o
    0x200002a0   COMPRESSED   0x00000006   Data   RW          553    .data               sensor.o
    0x200002a6   COMPRESSED   0x00000002   PAD
    0x200002a8   COMPRESSED   0x00000022   Data   RW          591    .data               supervisor.o
    0x200002ca   COMPRESSED   0x00000002   PAD
    0x200002cc   COMPRESSED   0x0000004c   Data   RW          673    .data               ui.o
    0x20000318   COMPRESSED   0x0000001c   Data   RW         1272    .data               humidity.o
    0x20000334   COMPRESSED   0x00000009   Data   RW         1410    .data               touch.o
    0x2000033d   COMPRESSED   0x00000008   Data   RW         2186    .data               encoder.o
    0x20000345   COMPRESSED   0x00000003   PAD
    0x20000348   COMPRESSED   0x00000008   Data   RW         2235    .data               exti_irq.o
    0x20000350   COMPRESSED   0x0000001c   Data   RW         2794    .data               serial.o
    0x2000036c   COMPRESSED   0x00000001   Data   RW         3033    .data               sht3x.o
    0x2000036d   COMPRESSED   0x00000010   Data   RW         4873    .data               stm32f4xx_rcc.o
    0x2000037d   COMPRESSED   0x00000003   PAD
    0x20000380   COMPRESSED   0x0000003c   Data   RW         6762    .data               tasks.o
    0x200003bc   COMPRESSED   0x00000014   Data   RW         7042    .data               timers.o
    0x200003d0   COMPRESSED   0x00000018   Data   RW         7148    .data               heap_4.o
    0x200003e8   COMPRESSED   0x00000004   Data   RW         7198    .data               port.o
    0x200003ec   COMPRESSED   0x00000008   Data   RW         7303    .data               font20.o
    0x200003f4        -       0x00000be7   Zero   RW          322    .bss                ec20.o
    0x20000fdb   COMPRESSED   0x00000001   PAD
    0x20000fdc        -       0x0000000c   Zero   RW          516    .bss                parameter.o
    0x20000fe8        -       0x00000168   Zero   RW          590    .bss                supervisor.o
    0x20001150        -       0x00000080   Zero   RW          671    .bss                ui.o
    0x200011d0        -       0x0000000c   Zero   RW         1078    .bss                version.o
    0x200011dc        -       0x00000010   Zero   RW         1109    .bss                filter_net.o
    0x200011ec        -       0x00000058   Zero   RW         1210    .bss                granule.o
    0x20001244        -       0x00000020   Zero   RW         1316    .bss                mathanal.o
    0x20001264        -       0x00000014   Zero   RW         1373    .bss                voc.o
    0x20001278        -       0x0000000c   Zero   RW         2185    .bss                encoder.o
    0x20001284        -       0x00000064   Zero   RW         2642    .bss                motor.o
    0x200012e8        -       0x00000028   Zero   RW         3251    .bss                st7789.o
    0x20001310        -       0x000000f0   Zero   RW         6761    .bss                tasks.o
    0x20001400        -       0x00000028   Zero   RW         7041    .bss                timers.o
    0x20001428        -       0x00006000   Zero   RW         7147    .bss                heap_4.o
    0x20007428        -       0x00000060   Zero   RW         7715    .bss                c_w.l(libspace.o)
    0x20007488        -       0x00000200   Zero   RW            2    HEAP                startup_stm32f427x.o
    0x20007688        -       0x00000400   Zero   RW            1    STACK               startup_stm32f427x.o


==============================================================================

Image component sizes


      Code (inc. data)   RO Data    RW Data    ZI Data      Debug   Object Name

        56          0          0          0          0      17051   afx_init.o
       122          0          0          0          0       1174   digital.o
      2568        576        506        670       3047      10626   ec20.o
      1132         60          0          2          0       6757   eeprom.o
      1004         82          0          8         12       3379   encoder.o
         0          0          0          0          0      11724   event_groups.o
      1752        138          0          8          0       2680   exti_irq.o
       404         40          0          0         16       2110   filter_net.o
         0          0       3800          8          0       1426   font20.o
         0          0       3000          0          0        498   font20num.o
         0          0       2580          0          0        554   font24num.o
         0          0       3000          0          0        498   font40num.o
       708         36          0          0         88       3960   granule.o
       520         64          0         24      24576       3943   heap_4.o
       124         28          0         28          0       1416   humidity.o
      1902         92          0          0          0      13659   i2c.o
         0          0          0          0          0       1084   i2c_ft.o
       568         30          0          0          0       4199   i2c_hal.o
        14          0          0          0          0        466   lcd.o
       148          0          0          0          0       3214   list.o
        48         18          0          0          0        495   main.o
       560         64         27          0         32       4366   mathanal.o
       140         24          0          0          0       1675   misc.o
      1192         92          0          0        100       3152   motor.o
        44         10         30          0         12       1553   parameter.o
       460         58          0          4          0       9840   port.o
      1410         16          0          0          0      11402   queue.o
         4          0          0          0          0        458   rtc.o
        60          6          0          6          0       1561   sensor.o
      3134        206          0         28          0      20293   serial.o
       908         60          0          1          0      11164   sht3x.o
       540         20          0          0          0        886   spi.o
      3728        116          0          0         40      17254   st7789.o
        64         26        428          0       1536        952   startup_stm32f427x.o
       610         40          0          0          0       6420   stm32f4xx_dma.o
       184         16          0          0          0       2268   stm32f4xx_exti.o
       370         28          0          0          0       3734   stm32f4xx_flash.o
       268          0          0          0          0       4969   stm32f4xx_gpio.o
        68         10          0          0          0        700   stm32f4xx_pwr.o
       392         48          0         16          0       6125   stm32f4xx_rcc.o
       106          0          0          0          0       3132   stm32f4xx_spi.o
        64          4          0          0          0        688   stm32f4xx_syscfg.o
       912        102          0          0          0       6187   stm32f4xx_tim.o
       374          8          0          0          0       4937   stm32f4xx_usart.o
       924        112          0         34        360       3330   supervisor.o
        20          0          0          0          0        532   system.o
       392         32          0          0          0     332361   system_stm32f4xx.o
      3162        454          0         60        240      34851   tasks.o
       288         16          0          0          0       2253   timer.o
       954        106          0         20         40       8627   timers.o
       640         56          0          9          0       3751   touch.o
      8704       1186      13456         76        128      29623   ui.o
        36         10          0          0         12        985   version.o
       248         16          0          0         20       1800   voc.o

    ----------------------------------------------------------------------
     42066       4106      26861       1012      30260     632742   Object Totals
         0          0         32          0          0          0   (incl. Generated)
        36          0          2         10          1          0   (incl. Padding)

    ----------------------------------------------------------------------

      Code (inc. data)   RO Data    RW Data    ZI Data      Debug   Library Member Name

        44          6          0          0          0         84   __2sprintf.o
        90          0          0          0          0          0   __dczerorl2.o
         8          0          0          0          0         68   __main.o
       312          4         17          0          0         92   __printf_flags_wp.o
        14          0          0          0          0         68   __printf_wp.o
         0          0          0          0          0          0   __rtentry.o
        12          0          0          0          0          0   __rtentry2.o
         6          0          0          0          0          0   __rtentry4.o
        52          8          0          0          0          0   __scatter.o
        28          0          0          0          0          0   __scatter_zi.o
        48          6          0          0          0         96   _printf_char_common.o
         6          0          0          0          0          0   _printf_d.o
       120         16          0          0          0         92   _printf_dec.o
         6          0          0          0          0          0   _printf_f.o
      1054          0          0          0          0        216   _printf_fp_dec.o
       128         16          0          0          0         84   _printf_fp_infnan.o
        88          4         40          0          0         88   _printf_hex_int.o
       178          0          0          0          0         88   _printf_intcommon.o
         0          0          0          0          0          0   _printf_percent.o
         4          0          0          0          0          0   _printf_percent_end.o
         6          0          0          0          0          0   _printf_x.o
        10          0          0          0          0         68   _sputc.o
        16          0          0          0          0         68   aeabi_memset.o
       228          4        148          0          0         96   bigflt0.o
      1936        128          0          0          0        672   btod.o
        18          0          0          0          0         80   exit.o
         6          0          0          0          0        152   heapauxi.o
         0          0          0          0          0          0   indicate_semi.o
        44         10         28          0          0         76   lc_numeric_c.o
         2          0          0          0          0          0   libinit.o
        22          0          0          0          0          0   libinit2.o
         2          0          0          0          0          0   libshutdown.o
         2          0          0          0          0          0   libshutdown2.o
         8          4          0          0         96         68   libspace.o
       138          0          0          0          0         80   lludiv10.o
         8          4          0          0          0         68   rt_locale_intlibspace.o
        68          0          0          0          0         68   rt_memclr.o
        78          0          0          0          0         80   rt_memclr_w.o
       138          0          0          0          0         68   rt_memcpy_v6.o
       100          0          0          0          0         80   rt_memcpy_w.o
         2          0          0          0          0          0   rtexit.o
        10          0          0          0          0          0   rtexit2.o
       128          0          0          0          0         68   strcmpv7m.o
        62          0          0          0          0         76   strlen.o
        36          0          0          0          0         80   strstr.o
        12          4          0          0          0         68   sys_exit.o
        74          0          0          0          0         80   sys_stackheap_outer.o
         2          0          0          0          0         68   use_no_semi.o
        98          4          0          0          0        140   d2f.o
       804         16          0          0          0        368   daddsub_clz.o
        24          0          0          0          0        116   dcmpi.o
       688        140          0          0          0        256   ddiv.o
        90          4          0          0          0        140   dfixu.o
        84          0          0          0          0        232   dflt_clz.o
       120          4          0          0          0        140   dleqf.o
       156          4          0          0          0        140   dnaninf.o
        12          0          0          0          0        116   dretinf.o
       108          0          0          0          0        128   drleqf.o
        86          4          0          0          0        132   f2d.o
       140          4          0          0          0        132   fnaninf.o
        10          0          0          0          0        116   fpinit.o
        10          0          0          0          0        116   fretinf.o
         4          0          0          0          0        116   printf1.o
         0          0          0          0          0          0   usenofp.o
        20          0          0          0          0        124   fabs.o
        48          0          0          0          0        124   fpclassify.o

    ----------------------------------------------------------------------
      7872        394        233          0         96       5776   Library Totals
        16          0          0          0          0          0   (incl. Padding)

    ----------------------------------------------------------------------

      Code (inc. data)   RO Data    RW Data    ZI Data      Debug   Library Name

      5354        214        233          0         96       3140   c_w.l
      2434        180          0          0          0       2388   fz_wm.l
        68          0          0          0          0        248   m_wm.l

    ----------------------------------------------------------------------
      7872        394        233          0         96       5776   Library Totals

    ----------------------------------------------------------------------

==============================================================================


      Code (inc. data)   RO Data    RW Data    ZI Data      Debug   

     49938       4500      27094       1012      30356     605650   Grand Totals
     49938       4500      27094        252      30356     605650   ELF Image Totals (compressed)
     49938       4500      27094        252          0          0   ROM Totals

==============================================================================

    Total RO  Size (Code + RO Data)                77032 (  75.23kB)
    Total RW  Size (RW Data + ZI Data)             31368 (  30.63kB)
    Total ROM Size (Code + RO Data + RW Data)      77284 (  75.47kB)

==============================================================================

